Component: ARM Compiler 5.06 update 6 (build 750) Tool: armlink [4d35ed]

==============================================================================

Section Cross References

    main.o(i.ADC_DisplayStaticText) refers to glcd_mcb1700.o(i.GLCD_ClearScreen) for GLCD_ClearScreen
    main.o(i.ADC_DisplayStaticText) refers to glcd_mcb1700.o(i.GLCD_SetForegroundColor) for GLCD_SetForegroundColor
    main.o(i.ADC_DisplayStaticText) refers to glcd_mcb1700.o(i.GLCD_DrawString) for GLCD_DrawString
    main.o(i.ADC_DisplayStaticText) refers to main.o(i.SelectColor) for SelectColor
    main.o(i.ADC_Threshold_JoystickControl) refers to main.o(.data) for .data
    main.o(i.ADC_Threshold_JoystickControl) refers to main.o(.bss) for .bss
    main.o(i.ADC_Threshold_Set) refers to main.o(i.ADC_DisplayStaticText) for ADC_DisplayStaticText
    main.o(i.ADC_Threshold_Set) refers to main.o(i.DisplayADC_Threshold) for DisplayADC_Threshold
    main.o(i.ADC_Threshold_Set) refers to main.o(i.Joy_stick_scan) for Joy_stick_scan
    main.o(i.ADC_Threshold_Set) refers to main.o(i.ADC_Threshold_JoystickControl) for ADC_Threshold_JoystickControl
    main.o(i.ADC_Threshold_Set) refers to main.o(i.GLCD_intro_text) for GLCD_intro_text
    main.o(i.ADC_Threshold_Set) refers to main.o(.data) for .data
    main.o(i.DisplayADCValue) refers to _printf_pad.o(.text) for _printf_pre_padding
    main.o(i.DisplayADCValue) refers to _printf_percent.o(.ARM.Collect$$_printf_percent$$00000000) for _printf_percent
    main.o(i.DisplayADCValue) refers to _printf_d.o(.ARM.Collect$$_printf_percent$$00000009) for _printf_d
    main.o(i.DisplayADCValue) refers to _printf_dec.o(.text) for _printf_int_dec
    main.o(i.DisplayADCValue) refers to noretval__2sprintf.o(.text) for __2sprintf
    main.o(i.DisplayADCValue) refers to glcd_mcb1700.o(i.GLCD_DrawString) for GLCD_DrawString
    main.o(i.DisplayADCValue) refers to main.o(.bss) for .bss
    main.o(i.DisplayADCValue) refers to main.o(.data) for .data
    main.o(i.DisplayADC_Threshold) refers to _printf_pad.o(.text) for _printf_pre_padding
    main.o(i.DisplayADC_Threshold) refers to _printf_percent.o(.ARM.Collect$$_printf_percent$$00000000) for _printf_percent
    main.o(i.DisplayADC_Threshold) refers to _printf_d.o(.ARM.Collect$$_printf_percent$$00000009) for _printf_d
    main.o(i.DisplayADC_Threshold) refers to _printf_dec.o(.text) for _printf_int_dec
    main.o(i.DisplayADC_Threshold) refers to noretval__2sprintf.o(.text) for __2sprintf
    main.o(i.DisplayADC_Threshold) refers to glcd_mcb1700.o(i.GLCD_DrawString) for GLCD_DrawString
    main.o(i.DisplayADC_Threshold) refers to main.o(.bss) for .bss
    main.o(i.DisplayADC_Threshold) refers to main.o(i.Display_Pump_Duration) for i.Display_Pump_Duration
    main.o(i.DisplayLightStatus) refers to _printf_pad.o(.text) for _printf_pre_padding
    main.o(i.DisplayLightStatus) refers to _printf_percent.o(.ARM.Collect$$_printf_percent$$00000000) for _printf_percent
    main.o(i.DisplayLightStatus) refers to _printf_d.o(.ARM.Collect$$_printf_percent$$00000009) for _printf_d
    main.o(i.DisplayLightStatus) refers to _printf_dec.o(.text) for _printf_int_dec
    main.o(i.DisplayLightStatus) refers to noretval__2sprintf.o(.text) for __2sprintf
    main.o(i.DisplayLightStatus) refers to glcd_mcb1700.o(i.GLCD_DrawString) for GLCD_DrawString
    main.o(i.DisplayLightStatus) refers to light_on_off.o(i.light_off_all) for light_off_all
    main.o(i.DisplayLightStatus) refers to light_on_off.o(i.light_on) for light_on
    main.o(i.DisplayLightStatus) refers to main.o(.data) for .data
    main.o(i.DisplayMoistStatus) refers to _printf_pad.o(.text) for _printf_pre_padding
    main.o(i.DisplayMoistStatus) refers to _printf_percent.o(.ARM.Collect$$_printf_percent$$00000000) for _printf_percent
    main.o(i.DisplayMoistStatus) refers to _printf_d.o(.ARM.Collect$$_printf_percent$$00000009) for _printf_d
    main.o(i.DisplayMoistStatus) refers to _printf_dec.o(.text) for _printf_int_dec
    main.o(i.DisplayMoistStatus) refers to noretval__2sprintf.o(.text) for __2sprintf
    main.o(i.DisplayMoistStatus) refers to glcd_mcb1700.o(i.GLCD_DrawString) for GLCD_DrawString
    main.o(i.DisplayMoistStatus) refers to light_on_off.o(i.light_off) for light_off
    main.o(i.DisplayMoistStatus) refers to light_on_off.o(i.light_off_all) for light_off_all
    main.o(i.DisplayMoistStatus) refers to light_on_off.o(i.light_on) for light_on
    main.o(i.DisplayMoistStatus) refers to main.o(.data) for .data
    main.o(i.DisplayMoistStatus) refers to main.o(.bss) for .bss
    main.o(i.DisplayPumpStatus) refers to main.o(i.SelectColor) for SelectColor
    main.o(i.DisplayPumpStatus) refers to glcd_mcb1700.o(i.GLCD_DrawString) for GLCD_DrawString
    main.o(i.DisplayPumpStatus) refers to main.o(i.checkRemainTime) for checkRemainTime
    main.o(i.DisplayPumpStatus) refers to main.o(.data) for .data
    main.o(i.DisplayPumpStatus) refers to main.o(.bss) for .bss
[...]
    __tagsym$$used                           0x000061ac   Number         0  rtx_conf_cm.o(.constdata)
    __tagsym$$used                           0x000061b0   Number         0  rtx_conf_cm.o(.constdata)
    .constdata                               0x000061b4   Section        2  rtx_conf_cm.o(.constdata)
    .constdata                               0x000061b8   Section        4  rtx_conf_cm.o(.constdata)
    .constdata                               0x000061bc   Section        4  rtx_conf_cm.o(.constdata)
    .constdata                               0x000061c0   Section        1  rtx_conf_cm.o(.constdata)
    .constdata                               0x000061c4   Section       16  rtx_conf_cm.o(.constdata)
    .constdata                               0x000061d4   Section        8  rtx_conf_cm.o(.constdata)
    .constdata                               0x000061dc   Section        2  rtx_conf_cm.o(.constdata)
    .constdata                               0x000061e0   Section       80  ssp_lpc17xx.o(.constdata)
    DriverVersion                            0x000061e0   Data           4  ssp_lpc17xx.o(.constdata)
    DriverCapabilities                       0x000061e4   Data           4  ssp_lpc17xx.o(.constdata)
    SSP1_Resources                           0x000061e8   Data          72  ssp_lpc17xx.o(.constdata)
    .constdata                               0x00006230   Section       44  ssp_lpc17xx.o(.constdata)
    .constdata                               0x0000625c   Section       17  __printf_flags_wp.o(.constdata)
    maptable                                 0x0000625c   Data          17  __printf_flags_wp.o(.constdata)
    .conststring                             0x00006270   Section      134  main.o(.conststring)
    .data                                    0x10000000   Section      200  main.o(.data)
    .data                                    0x100000c8   Section        4  adc_mcb1700.o(.data)
    AD_done                                  0x100000c8   Data           1  adc_mcb1700.o(.data)
    AD_last                                  0x100000ca   Data           2  adc_mcb1700.o(.data)
    .data                                    0x100000cc   Section       20  glcd_mcb1700.o(.data)
    Himax                                    0x100000cc   Data           1  glcd_mcb1700.o(.data)
    foreground_color                         0x100000ce   Data           2  glcd_mcb1700.o(.data)
    background_color                         0x100000d0   Data           2  glcd_mcb1700.o(.data)
    active_font                              0x100000d4   Data           4  glcd_mcb1700.o(.data)
    spi1_pins                                0x100000d8   Data           8  glcd_mcb1700.o(.data)
    .data                                    0x100000e0   Section        4  rtx_conf_cm.o(.data)
    .data                                    0x100000e4   Section       16  rtx_conf_cm.o(.data)
    .data                                    0x100000f4   Section        4  rtx_conf_cm.o(.data)
    .data                                    0x100000f8   Section        4  rtx_conf_cm.o(.data)
    .data                                    0x100000fc   Section        2  ssp_lpc17xx.o(.data)
    SSP1_pin_sck                             0x100000fc   Data           2  ssp_lpc17xx.o(.data)
    .data                                    0x100000fe   Section        2  ssp_lpc17xx.o(.data)
    SSP1_pin_miso                            0x100000fe   Data           2  ssp_lpc17xx.o(.data)
    .data                                    0x10000100   Section        2  ssp_lpc17xx.o(.data)
    SSP1_pin_mosi                            0x10000100   Data           2  ssp_lpc17xx.o(.data)
    .data                                    0x10000102   Section        2  ssp_lpc17xx.o(.data)
    SSP1_pin_ssel                            0x10000102   Data           2  ssp_lpc17xx.o(.data)
    .data                                    0x10000104   Section        8  ssp_lpc17xx.o(.data)
    dummy_data                               0x10000104   Data           4  ssp_lpc17xx.o(.data)
    dummy_data                               0x10000108   Data           4  ssp_lpc17xx.o(.data)
    .data                                    0x1000010c   Section        8  gpdma_lpc17xx.o(.data)
    Channel_active                           0x1000010c   Data           4  gpdma_lpc17xx.o(.data)
    Init_cnt                                 0x10000110   Data           4  gpdma_lpc17xx.o(.data)
    .data                                    0x10000114   Section        4  system_lpc17xx.o(.data)
    .data                                    0x10000118   Section        8  rt_cmsis.o(.data)
    .data                                    0x10000120   Section        8  rt_task.o(.data)
    .data                                    0x10000128   Section        8  rt_system.o(.data)
    os_lock                                  0x10000128   Data           1  rt_system.o(.data)
    os_psh_flag                              0x10000129   Data           1  rt_system.o(.data)
    pend_flags                               0x1000012a   Data           1  rt_system.o(.data)
    .data                                    0x10000130   Section        4  rt_time.o(.data)
    .data                                    0x10000134   Section        8  rt_robin.o(.data)
    .data                                    0x1000013c   Section        1  hal_cm.o(.data)
    .bss                                     0x10000140   Section       16  main.o(.bss)
    .bss                                     0x10000150   Section       24  main.o(.bss)
    .bss                                     0x10000168   Section       32  rtx_conf_cm.o(.bss)
    .bss                                     0x10000188   Section      376  rtx_conf_cm.o(.bss)
    .bss                                     0x10000300   Section     2416  rtx_conf_cm.o(.bss)
    .bss                                     0x10000c70   Section      632  rtx_conf_cm.o(.bss)
    .bss                                     0x10000ee8   Section      132  rtx_conf_cm.o(.bss)
    .bss                                     0x10000f6c   Section       28  rtx_conf_cm.o(.bss)
    .bss                                     0x10000f88   Section       12  ssp_lpc17xx.o(.bss)
    SSP1_Info                                0x10000f88   Data          12  ssp_lpc17xx.o(.bss)
    .bss                                     0x10000f94   Section       28  ssp_lpc17xx.o(.bss)
    SSP1_Xfer                                0x10000f94   Data          28  ssp_lpc17xx.o(.bss)
    .bss                                     0x10000fb0   Section      160  gpdma_lpc17xx.o(.bss)
    Channel_info                             0x10000fb0   Data         160  gpdma_lpc17xx.o(.bss)
    .bss                                     0x10001050   Section       52  rt_task.o(.bss)
    .bss                                     0x10001084   Section       48  rt_list.o(.bss)
    .bss                                     0x100010b4   Section       96  libspace.o(.bss)
    HEAP                                     0x10001118   Section        0  startup_lpc17xx.o(HEAP)
    STACK                                    0x10001118   Section      512  startup_lpc17xx.o(STACK)
    Heap_Mem                                 0x10001118   Data           0  startup_lpc17xx.o(HEAP)
    Stack_Mem                                0x10001118   Data         512  startup_lpc17xx.o(STACK)
    __initial_sp                             0x10001318   Data           0  startup_lpc17xx.o(STACK)

    Global Symbols

    Symbol Name                              Value     Ov Type        Size  Object(Section)

    BuildAttributes$$THM_ISAv4$P$D$K$B$S$PE$A:L22UL41UL21$X:L11$S22US41US21$IEEE1$IW$USESV6$~STKCKD$USESV7$~SHL$OSPACE$ROPI$EBA8$UX$STANDARDLIB$REQ8$PRES8$EABIv2 0x00000000   Number         0  anon$$obj.o ABSOLUTE
    __ARM_use_no_argv                        0x00000000   Number         0  main.o ABSOLUTE
    __Vectors                                0x00000000   Data           4  startup_lpc17xx.o(RESET)
    _printf_flags                            0x00000000   Number         0  printf_stubs.o ABSOLUTE
    _printf_return_value                     0x00000000   Number         0  printf_stubs.o ABSOLUTE
    _printf_sizespec                         0x00000000   Number         0  printf_stubs.o ABSOLUTE
    _printf_widthprec                        0x00000000   Number         0  printf_stubs.o ABSOLUTE
    __ARM_exceptions_init                     - Undefined Weak Reference
    __alloca_initialize                       - Undefined Weak Reference
    __arm_preinit_                            - Undefined Weak Reference
    __cpp_initialize__aeabi_                  - Undefined Weak Reference
    __cxa_finalize                            - Undefined Weak Reference
    __rt_locale                               - Undefined Weak Reference
    __sigvec_lookup                           - Undefined Weak Reference
    _atexit_init                              - Undefined Weak Reference
    _call_atexit_fns                          - Undefined Weak Reference
    _clock_init                               - Undefined Weak Reference
    _fp_trap_init                             - Undefined Weak Reference
    _fp_trap_shutdown                         - Undefined Weak Reference
    _get_lc_collate                           - Undefined Weak Reference
    _get_lc_ctype                             - Undefined Weak Reference
    _get_lc_monetary                          - Undefined Weak Reference
    _get_lc_numeric                           - Undefined Weak Reference
    _get_lc_time                              - Undefined Weak Reference
    _getenv_init                              - Undefined Weak Reference
    _handle_redirection                       - Undefined Weak Reference
    _init_alloc                               - Undefined Weak Reference
    _init_user_alloc                          - Undefined Weak Reference
    _initio                                   - Undefined Weak Reference
    _printf_truncate_signed                   - Undefined Weak Reference
    _printf_truncate_unsigned                 - Undefined Weak Reference
    _rand_init                                - Undefined Weak Reference
    _signal_finish                            - Undefined Weak Reference
    _signal_init                              - Undefined Weak Reference
    _terminate_alloc                          - Undefined Weak Reference
    _terminate_user_alloc                     - Undefined Weak Reference
    _terminateio                              - Undefined Weak Reference
    __main                                   0x000000cd   Thumb Code     8  __main.o(!!!main)
    __scatterload                            0x000000d5   Thumb Code     0  __scatter.o(!!!scatter)
    __scatterload_rt2                        0x000000d5   Thumb Code    44  __scatter.o(!!!scatter)
    __scatterload_rt2_thumb_only             0x000000d5   Thumb Code     0  __scatter.o(!!!scatter)
    __scatterload_null                       0x000000e3   Thumb Code     0  __scatter.o(!!!scatter)
    __decompress                             0x00000109   Thumb Code    90  __dczerorl2.o(!!dczerorl2)
    __decompress1                            0x00000109   Thumb Code     0  __dczerorl2.o(!!dczerorl2)
    __scatterload_zeroinit                   0x00000165   Thumb Code    28  __scatter_zi.o(!!handler_zi)
    _printf_d                                0x00000181   Thumb Code     0  _printf_d.o(.ARM.Collect$$_printf_percent$$00000009)
    _printf_percent                          0x00000181   Thumb Code     0  _printf_percent.o(.ARM.Collect$$_printf_percent$$00000000)
    _printf_percent_end                      0x00000187   Thumb Code     0  _printf_percent_end.o(.ARM.Collect$$_printf_percent$$00000017)
    __rt_lib_init                            0x0000018b   Thumb Code     0  libinit.o(.ARM.Collect$$libinit$$00000000)
    __rt_lib_init_alloca_1                   0x0000018d   Thumb Code     0  libinit2.o(.ARM.Collect$$libinit$$0000002E)
    __rt_lib_init_argv_1                     0x0000018d   Thumb Code     0  libinit2.o(.ARM.Collect$$libinit$$0000002C)
    __rt_lib_init_atexit_1                   0x0000018d   Thumb Code     0  libinit2.o(.ARM.Collect$$libinit$$0000001B)
    __rt_lib_init_clock_1                    0x0000018d   Thumb Code     0  libinit2.o(.ARM.Collect$$libinit$$00000021)
    __rt_lib_init_cpp_1                      0x0000018d   Thumb Code     0  libinit2.o(.ARM.Collect$$libinit$$00000032)
    __rt_lib_init_exceptions_1               0x0000018d   Thumb Code     0  libinit2.o(.ARM.Collect$$libinit$$00000030)
    __rt_lib_init_fp_1                       0x0000018d   Thumb Code     0  libinit2.o(.ARM.Collect$$libinit$$00000002)
    __rt_lib_init_fp_trap_1                  0x0000018d   Thumb Code     0  libinit2.o(.ARM.Collect$$libinit$$0000001F)
    __rt_lib_init_getenv_1                   0x0000018d   Thumb Code     0  libinit2.o(.ARM.Collect$$libinit$$00000023)
    __rt_lib_init_heap_1                     0x0000018d   Thumb Code     0  libinit2.o(.ARM.Collect$$libinit$$0000000A)
    __rt_lib_init_lc_collate_1               0x0000018d   Thumb Code     0  libinit2.o(.ARM.Collect$$libinit$$00000011)
    __rt_lib_init_lc_ctype_1                 0x0000018d   Thumb Code     0  libinit2.o(.ARM.Collect$$libinit$$00000013)
    __rt_lib_init_lc_monetary_1              0x0000018d   Thumb Code     0  libinit2.o(.ARM.Collect$$libinit$$00000015)
    __rt_lib_init_lc_numeric_1               0x0000018d   Thumb Code     0  libinit2.o(.ARM.Collect$$libinit$$00000017)
    __rt_lib_init_lc_time_1                  0x0000018d   Thumb Code     0  libinit2.o(.ARM.Collect$$libinit$$00000019)
    __rt_lib_init_preinit_1                  0x0000018d   Thumb Code     0  libinit2.o(.ARM.Collect$$libinit$$00000004)
    __rt_lib_init_rand_1                     0x0000018d   Thumb Code     0  libinit2.o(.ARM.Collect$$libinit$$0000000E)
    __rt_lib_init_return                     0x0000018d   Thumb Code     0  libinit2.o(.ARM.Collect$$libinit$$00000033)
    __rt_lib_init_signal_1                   0x0000018d   Thumb Code     0  libinit2.o(.ARM.Collect$$libinit$$0000001D)
    __rt_lib_init_stdio_1                    0x0000018d   Thumb Code     0  libinit2.o(.ARM.Collect$$libinit$$00000025)
    __rt_lib_init_user_alloc_1               0x0000018d   Thumb Code     0  libinit2.o(.ARM.Collect$$libinit$$0000000C)
    __rt_lib_shutdown                        0x0000018f   Thumb Code     0  libshutdown.o(.ARM.Collect$$libshutdown$$00000000)
    __rt_lib_shutdown_cpp_1                  0x00000191   Thumb Code     0  libshutdown2.o(.ARM.Collect$$libshutdown$$00000002)
    __rt_lib_shutdown_fp_trap_1              0x00000191   Thumb Code     0  libshutdown2.o(.ARM.Collect$$libshutdown$$00000007)
    __rt_lib_shutdown_heap_1                 0x00000191   Thumb Code     0  libshutdown2.o(.ARM.Collect$$libshutdown$$0000000F)
    __rt_lib_shutdown_return                 0x00000191   Thumb Code     0  libshutdown2.o(.ARM.Collect$$libshutdown$$00000010)
    __rt_lib_shutdown_signal_1               0x00000191   Thumb Code     0  libshutdown2.o(.ARM.Collect$$libshutdown$$0000000A)
    __rt_lib_shutdown_stdio_1                0x00000191   Thumb Code     0  libshutdown2.o(.ARM.Collect$$libshutdown$$00000004)
    __rt_lib_shutdown_user_alloc_1           0x00000191   Thumb Code     0  libshutdown2.o(.ARM.Collect$$libshutdown$$0000000C)
    __rt_entry                               0x00000193   Thumb Code     0  __rtentry.o(.ARM.Collect$$rtentry$$00000000)
    __rt_entry_presh_1                       0x00000193   Thumb Code     0  __rtentry2.o(.ARM.Collect$$rtentry$$00000002)
    __rt_entry_sh                            0x00000193   Thumb Code     0  __rtentry4.o(.ARM.Collect$$rtentry$$00000004)
    __rt_entry_li                            0x00000199   Thumb Code     0  __rtentry2.o(.ARM.Collect$$rtentry$$0000000A)
    __rt_entry_postsh_1                      0x00000199   Thumb Code     0  __rtentry2.o(.ARM.Collect$$rtentry$$00000009)
    __rt_entry_postli_1                      0x0000019d   Thumb Code     0  __rtentry2.o(.ARM.Collect$$rtentry$$0000000B)
    __rt_entry_main                          0x000001a5   Thumb Code     0  __rtentry2.o(.ARM.Collect$$rtentry$$0000000D)
    __rt_exit                                0x000001ad   Thumb Code     0  rtexit.o(.ARM.Collect$$rtexit$$00000000)
    __rt_exit_ls                             0x000001af   Thumb Code     0  rtexit2.o(.ARM.Collect$$rtexit$$00000003)
    __rt_exit_prels_1                        0x000001af   Thumb Code     0  rtexit2.o(.ARM.Collect$$rtexit$$00000002)
    __rt_exit_exit                           0x000001b3   Thumb Code     0  rtexit2.o(.ARM.Collect$$rtexit$$00000004)
    _platform_post_lib_init                  0x000001b9   Thumb Code    24  rtx_conf_cm.o(.emb_text)
    Reset_Handler                            0x000001d5   Thumb Code     8  startup_lpc17xx.o(.text)
    NMI_Handler                              0x000001dd   Thumb Code     2  startup_lpc17xx.o(.text)
    HardFault_Handler                        0x000001df   Thumb Code     2  startup_lpc17xx.o(.text)
    MemManage_Handler                        0x000001e1   Thumb Code     2  startup_lpc17xx.o(.text)
    BusFault_Handler                         0x000001e3   Thumb Code     2  startup_lpc17xx.o(.text)
    UsageFault_Handler                       0x000001e5   Thumb Code     2  startup_lpc17xx.o(.text)
    DebugMon_Handler                         0x000001e9   Thumb Code     2  startup_lpc17xx.o(.text)
    BOD_IRQHandler                           0x000001ef   Thumb Code     0  startup_lpc17xx.o(.text)
    CANActivity_IRQHandler                   0x000001ef   Thumb Code     0  startup_lpc17xx.o(.text)
    CAN_IRQHandler                           0x000001ef   Thumb Code     0  startup_lpc17xx.o(.text)
    EINT0_IRQHandler                         0x000001ef   Thumb Code     0  startup_lpc17xx.o(.text)
    EINT1_IRQHandler                         0x000001ef   Thumb Code     0  startup_lpc17xx.o(.text)
    EINT2_IRQHandler                         0x000001ef   Thumb Code     0  startup_lpc17xx.o(.text)
    EINT3_IRQHandler                         0x000001ef   Thumb Code     0  startup_lpc17xx.o(.text)
    ENET_IRQHandler                          0x000001ef   Thumb Code     0  startup_lpc17xx.o(.text)
    I2C0_IRQHandler                          0x000001ef   Thumb Code     0  startup_lpc17xx.o(.text)
    I2C1_IRQHandler                          0x000001ef   Thumb Code     0  startup_lpc17xx.o(.text)
    I2C2_IRQHandler                          0x000001ef   Thumb Code     0  startup_lpc17xx.o(.text)
    I2S_IRQHandler                           0x000001ef   Thumb Code     0  startup_lpc17xx.o(.text)
    MCPWM_IRQHandler                         0x000001ef   Thumb Code     0  startup_lpc17xx.o(.text)
    PLL0_IRQHandler                          0x000001ef   Thumb Code     0  startup_lpc17xx.o(.text)
    PLL1_IRQHandler                          0x000001ef   Thumb Code     0  startup_lpc17xx.o(.text)
    PWM1_IRQHandler                          0x000001ef   Thumb Code     0  startup_lpc17xx.o(.text)
    QEI_IRQHandler                           0x000001ef   Thumb Code     0  startup_lpc17xx.o(.text)
    RIT_IRQHandler                           0x000001ef   Thumb Code     0  startup_lpc17xx.o(.text)
    RTC_IRQHandler                           0x000001ef   Thumb Code     0  startup_lpc17xx.o(.text)
    SPI_IRQHandler                           0x000001ef   Thumb Code     0  startup_lpc17xx.o(.text)
    SSP0_IRQHandler                          0x000001ef   Thumb Code     0  startup_lpc17xx.o(.text)
    TIMER0_IRQHandler                        0x000001ef   Thumb Code     0  startup_lpc17xx.o(.text)
    TIMER1_IRQHandler                        0x000001ef   Thumb Code     0  startup_lpc17xx.o(.text)
    TIMER2_IRQHandler                        0x000001ef   Thumb Code     0  startup_lpc17xx.o(.text)
    TIMER3_IRQHandler                        0x000001ef   Thumb Code     0  startup_lpc17xx.o(.text)
    UART0_IRQHandler                         0x000001ef   Thumb Code     0  startup_lpc17xx.o(.text)
    UART1_IRQHandler                         0x000001ef   Thumb Code     0  startup_lpc17xx.o(.text)
    UART2_IRQHandler                         0x000001ef   Thumb Code     0  startup_lpc17xx.o(.text)
    UART3_IRQHandler                         0x000001ef   Thumb Code     0  startup_lpc17xx.o(.text)
    USBActivity_IRQHandler                   0x000001ef   Thumb Code     0  startup_lpc17xx.o(.text)
    USB_IRQHandler                           0x000001ef   Thumb Code     0  startup_lpc17xx.o(.text)
    WDT_IRQHandler                           0x000001ef   Thumb Code     0  startup_lpc17xx.o(.text)
    __user_initial_stackheap                 0x000001f1   Thumb Code     0  startup_lpc17xx.o(.text)
    __user_libspace                          0x00000211   Thumb Code     8  libspace.o(.text)
    __user_perproc_libspace                  0x00000211   Thumb Code     0  libspace.o(.text)
    __2sprintf                               0x00000219   Thumb Code    34  noretval__2sprintf.o(.text)
    _printf_pre_padding                      0x00000241   Thumb Code    44  _printf_pad.o(.text)
    _printf_post_padding                     0x0000026d   Thumb Code    34  _printf_pad.o(.text)
    exit                                     0x0000028f   Thumb Code    18  exit.o(.text)
    __aeabi_memclr4                          0x000002a1   Thumb Code     0  rt_memclr_w.o(.text)
    __aeabi_memclr8                          0x000002a1   Thumb Code     0  rt_memclr_w.o(.text)
    __rt_memclr_w                            0x000002a1   Thumb Code    78  rt_memclr_w.o(.text)
    _memset_w                                0x000002a5   Thumb Code     0  rt_memclr_w.o(.text)
    __use_two_region_memory                  0x000002ef   Thumb Code     2  heapauxi.o(.text)
    __rt_heap_escrow$2region                 0x000002f1   Thumb Code     2  heapauxi.o(.text)
    __rt_heap_expand$2region                 0x000002f3   Thumb Code     2  heapauxi.o(.text)
    __I$use$semihosting                      0x000002f5   Thumb Code     0  use_no_semi.o(.text)
    __use_no_semihosting_swi                 0x000002f5   Thumb Code     2  use_no_semi.o(.text)
    __semihosting_library_function           0x000002f7   Thumb Code     0  indicate_semi.o(.text)
    SVC_Count                                0x000002f8   Data           4  svc_table.o(SVC_TABLE)
    SVC_Table                                0x000002fc   Data           0  svc_table.o(SVC_TABLE)
    rt_set_PSP                               0x00000301   Thumb Code     6  hal_cm3.o(.emb_text)
    rt_get_PSP                               0x00000307   Thumb Code     6  hal_cm3.o(.emb_text)
    os_set_env                               0x0000030d   Thumb Code    24  hal_cm3.o(.emb_text)
    _alloc_box                               0x00000329   Thumb Code    28  hal_cm3.o(.emb_text)
    _free_box                                0x00000349   Thumb Code    28  hal_cm3.o(.emb_text)
    SVC_Handler                              0x00000369   Thumb Code   108  hal_cm3.o(.emb_text)
    PendSV_Handler                           0x000003e1   Thumb Code    56  hal_cm3.o(.emb_text)
    SysTick_Handler                          0x0000041d   Thumb Code     8  hal_cm3.o(.emb_text)
    OS_Tick_Handler                          0x00000425   Thumb Code    12  hal_cm3.o(.emb_text)
    __aeabi_uldivmod                         0x00000431   Thumb Code     0  lludivv7m.o(.text)
    _ll_udiv                                 0x00000431   Thumb Code   238  lludivv7m.o(.text)
    __RL_RTX_VER                             0x00000480   Number         0  rt_system.o ABSOLUTE
    _printf_int_dec                          0x00000521   Thumb Code   104  _printf_dec.o(.text)
    __printf                                 0x00000599   Thumb Code   308  __printf_flags_wp.o(.text)
    _printf_int_common                       0x000006d1   Thumb Code   178  _printf_intcommon.o(.text)
    _printf_char_common                      0x0000078f   Thumb Code    32  _printf_char_common.o(.text)
    _sputc                                   0x000007b5   Thumb Code    10  _sputc.o(.text)
    _sys_exit                                0x000007c1   Thumb Code     8  sys_exit.o(.text)
    __user_setup_stackheap                   0x000007cd   Thumb Code    74  sys_stackheap_outer.o(.text)
    ADC_DisplayStaticText                    0x00000819   Thumb Code    80  main.o(i.ADC_DisplayStaticText)
    ADC_IRQHandler                           0x000008c9   Thumb Code    24  adc_mcb1700.o(i.ADC_IRQHandler)
    ADC_Initialize                           0x000008e9   Thumb Code    52  adc_mcb1700.o(i.ADC_Initialize)
    ADC_Threshold_JoystickControl            0x00000929   Thumb Code    46  main.o(i.ADC_Threshold_JoystickControl)
    ADC_Threshold_Set                        0x00000961   Thumb Code    46  main.o(i.ADC_Threshold_Set)
    DMA_IRQHandler                           0x000009b1   Thumb Code   220  gpdma_lpc17xx.o(i.DMA_IRQHandler)
    Decrease                                 0x00000a99   Thumb Code    14  increase_decrease.o(i.Decrease)
    DisplayADCValue                          0x00000aa9   Thumb Code   110  main.o(i.DisplayADCValue)
    DisplayADC_Threshold                     0x00000b2d   Thumb Code    26  main.o(i.DisplayADC_Threshold)
    DisplayLightStatus                       0x00000b51   Thumb Code   146  main.o(i.DisplayLightStatus)
    DisplayMoistStatus                       0x00000c45   Thumb Code   138  main.o(i.DisplayMoistStatus)
    DisplayPumpStatus                        0x00000d49   Thumb Code    92  main.o(i.DisplayPumpStatus)
    DisplayStaticText                        0x00000de1   Thumb Code   122  main.o(i.DisplayStaticText)
    DisplayTempStatus                        0x00000ee1   Thumb Code   152  main.o(i.DisplayTempStatus)
    DisplayTime                              0x00000fbd   Thumb Code   116  main.o(i.DisplayTime)
    Display_Light_Text_data                  0x0000103d   Thumb Code    82  main.o(i.Display_Light_Text_data)
    Display_Moist_Text_data                  0x000010cd   Thumb Code    74  main.o(i.Display_Moist_Text_data)
    Display_Pump_Duration                    0x00001151   Thumb Code    26  main.o(i.Display_Pump_Duration)
    Display_Pump_time                        0x00001179   Thumb Code    22  main.o(i.Display_Pump_time)
    Display_Static_Text_data                 0x00001195   Thumb Code    90  main.o(i.Display_Static_Text_data)
    Display_Temp_Text_data                   0x00001255   Thumb Code    92  main.o(i.Display_Temp_Text_data)
    Display_current_Time                     0x000012f1   Thumb Code    22  main.o(i.Display_current_Time)
    Duration_DisplayStaticText               0x0000130d   Thumb Code    80  main.o(i.Duration_DisplayStaticText)
    GLCD_ClearScreen                         0x000013b5   Thumb Code    54  glcd_mcb1700.o(i.GLCD_ClearScreen)
    GLCD_DrawChar                            0x000013f1   Thumb Code   130  glcd_mcb1700.o(i.GLCD_DrawChar)
    GLCD_DrawHLine                           0x00001479   Thumb Code    42  glcd_mcb1700.o(i.GLCD_DrawHLine)
    GLCD_DrawRectangle                       0x000014a9   Thumb Code    52  glcd_mcb1700.o(i.GLCD_DrawRectangle)
    GLCD_DrawString                          0x000014dd   Thumb Code    42  glcd_mcb1700.o(i.GLCD_DrawString)
    GLCD_DrawVLine                           0x0000150d   Thumb Code    44  glcd_mcb1700.o(i.GLCD_DrawVLine)
    GLCD_Initialize                          0x0000153d   Thumb Code  1454  glcd_mcb1700.o(i.GLCD_Initialize)
    GLCD_SetBackgroundColor                  0x00001aed   Thumb Code     8  glcd_mcb1700.o(i.GLCD_SetBackgroundColor)
    GLCD_SetFont                             0x00001af9   Thumb Code     8  glcd_mcb1700.o(i.GLCD_SetFont)
    GLCD_SetForegroundColor                  0x00001b05   Thumb Code     8  glcd_mcb1700.o(i.GLCD_SetForegroundColor)
    GLCD_UpdateMenu                          0x00001ba5   Thumb Code   212  main.o(i.GLCD_UpdateMenu)
    GLCD_intro_text                          0x00001c7d   Thumb Code    36  main.o(i.GLCD_intro_text)
    GLCD_outro_text                          0x00001cb1   Thumb Code    36  main.o(i.GLCD_outro_text)
    GPDMA_ChannelConfigure                   0x00001ce1   Thumb Code   186  gpdma_lpc17xx.o(i.GPDMA_ChannelConfigure)
    GPDMA_ChannelDisable                     0x00001da9   Thumb Code    40  gpdma_lpc17xx.o(i.GPDMA_ChannelDisable)
    GPDMA_ChannelGetCount                    0x00001dd5   Thumb Code    38  gpdma_lpc17xx.o(i.GPDMA_ChannelGetCount)
    GPDMA_Initialize                         0x00001e05   Thumb Code    98  gpdma_lpc17xx.o(i.GPDMA_Initialize)
    GPDMA_PeripheralSelect                   0x00001e79   Thumb Code    48  gpdma_lpc17xx.o(i.GPDMA_PeripheralSelect)
    GPDMA_Uninitialize                       0x00001ead   Thumb Code    56  gpdma_lpc17xx.o(i.GPDMA_Uninitialize)
    GPIO_PinRead                             0x00001eed   Thumb Code    20  gpio_lpc17xx.o(i.GPIO_PinRead)
    GPIO_PinWrite                            0x00001f05   Thumb Code    20  gpio_lpc17xx.o(i.GPIO_PinWrite)
    GPIO_PortClock                           0x00001f1d   Thumb Code    24  gpio_lpc17xx.o(i.GPIO_PortClock)
    GPIO_SetDir                              0x00001f39   Thumb Code    26  gpio_lpc17xx.o(i.GPIO_SetDir)
    Increase                                 0x00001f95   Thumb Code    18  increase_decrease.o(i.Increase)
    Init_LED                                 0x00001fa9   Thumb Code    20  main.o(i.Init_LED)
    Joy_stick_scan                           0x00001fc1   Thumb Code    86  main.o(i.Joy_stick_scan)
    Joystick_Initialize                      0x00002021   Thumb Code    58  joystick_mcb1700.o(i.Joystick_Initialize)
    LED_Initialize                           0x00002061   Thumb Code    70  led_mcb1700.o(i.LED_Initialize)
    Light_Sensor_Screen                      0x000020ad   Thumb Code    76  main.o(i.Light_Sensor_Screen)
    Main_menu_Joy_stick_scan                 0x000020fd   Thumb Code   144  main.o(i.Main_menu_Joy_stick_scan)
    Moist_Sensor_Screen                      0x00002191   Thumb Code    76  main.o(i.Moist_Sensor_Screen)
    PIN_Configure                            0x0000220d   Thumb Code   100  pin_lpc17xx.o(i.PIN_Configure)
    P_DisplayTime                            0x00002275   Thumb Code   116  main.o(i.P_DisplayTime)
    P_Setting_JoystickControl                0x000022f5   Thumb Code   126  main.o(i.P_Setting_JoystickControl)
    PumpSettingScreen                        0x00002379   Thumb Code    50  main.o(i.PumpSettingScreen)
    Pump_DisplayStaticText                   0x000023b1   Thumb Code   122  main.o(i.Pump_DisplayStaticText)
    Pump_Duration_JoystickControl            0x000024a9   Thumb Code    44  main.o(i.Pump_Duration_JoystickControl)
    Pump_Duration_Set                        0x000024dd   Thumb Code    46  main.o(i.Pump_Duration_Set)
    SSP1_GPDMA_Rx_SignalEvent                0x0000251d   Thumb Code     6  ssp_lpc17xx.o(i.SSP1_GPDMA_Rx_SignalEvent)
    SSP1_GPDMA_Tx_SignalEvent                0x00002529   Thumb Code     6  ssp_lpc17xx.o(i.SSP1_GPDMA_Tx_SignalEvent)
    SSP1_IRQHandler                          0x0000257d   Thumb Code     6  ssp_lpc17xx.o(i.SSP1_IRQHandler)
    SSPx_GPDMA_Rx_SignalEvent                0x000029cd   Thumb Code    30  ssp_lpc17xx.o(i.SSPx_GPDMA_Rx_SignalEvent)
    SSPx_GPDMA_Tx_SignalEvent                0x000029eb   Thumb Code    12  ssp_lpc17xx.o(i.SSPx_GPDMA_Tx_SignalEvent)
    SelectColor                              0x00003095   Thumb Code    72  main.o(i.SelectColor)
    SystemInit                               0x00003109   Thumb Code   196  system_lpc17xx.o(i.SystemInit)
    Temp_Sensor_Screen                       0x000031d9   Thumb Code    76  main.o(i.Temp_Sensor_Screen)
    TimeSettingScreen                        0x00003229   Thumb Code    50  main.o(i.TimeSettingScreen)
    TimeSettingScreenJoystickControl         0x00003261   Thumb Code   126  main.o(i.TimeSettingScreenJoystickControl)
    TimeToString                             0x000032e5   Thumb Code    18  main.o(i.TimeToString)
    Time_and_data_init                       0x00003309   Thumb Code    44  main.o(i.Time_and_data_init)
    Time_update                              0x0000333d   Thumb Code    48  main.o(i.Time_update)
    Timer_Callback                           0x00003371   Thumb Code     4  main.o(i.Timer_Callback)
    Working_Screen                           0x00003375   Thumb Code    78  main.o(i.Working_Screen)
    _init_box                                0x000033c9   Thumb Code    70  rt_membox.o(i._init_box)
    _is_digit                                0x0000340f   Thumb Code    14  __printf_wp.o(i._is_digit)
    _mutex_acquire                           0x0000341d   Thumb Code    22  rtx_conf_cm.o(i._mutex_acquire)
    _mutex_release                           0x0000343d   Thumb Code    18  rtx_conf_cm.o(i._mutex_release)
    checkRemainTime                          0x00003459   Thumb Code    30  main.o(i.checkRemainTime)
    dbg_init                                 0x0000347d   Thumb Code    34  hal_cm.o(i.dbg_init)
    dbg_task_notify                          0x000034ad   Thumb Code    32  hal_cm.o(i.dbg_task_notify)
    dbg_task_switch                          0x000034cd   Thumb Code    16  hal_cm.o(i.dbg_task_switch)
    isrMessageGet                            0x00003509   Thumb Code    42  rt_cmsis.o(i.isrMessageGet)
    isrMessagePut                            0x00003533   Thumb Code    44  rt_cmsis.o(i.isrMessagePut)
    isr_mbx_receive                          0x00003561   Thumb Code    82  rt_mailbox.o(i.isr_mbx_receive)
    isr_mbx_send                             0x000035b3   Thumb Code    14  rt_mailbox.o(i.isr_mbx_send)
    light_off                                0x000035c1   Thumb Code    20  light_on_off.o(i.light_off)
    light_off_all                            0x000035d9   Thumb Code    12  light_on_off.o(i.light_off_all)
    light_on                                 0x000035e9   Thumb Code    18  light_on_off.o(i.light_on)
    main                                     0x00003601   Thumb Code   132  main.o(i.main)
    menu_action_1                            0x000036a1   Thumb Code    26  action.o(i.menu_action_1)
    menu_action_2                            0x000036c1   Thumb Code    26  action.o(i.menu_action_2)
    menu_action_3                            0x000036e1   Thumb Code    26  action.o(i.menu_action_3)
    menu_action_4                            0x00003701   Thumb Code    26  action.o(i.menu_action_4)
    menu_action_5                            0x00003721   Thumb Code    26  action.o(i.menu_action_5)
    menu_action_6                            0x00003741   Thumb Code    26  action.o(i.menu_action_6)
    menu_action_7                            0x00003761   Thumb Code    26  action.o(i.menu_action_7)
    menu_action_8                            0x00003781   Thumb Code    26  action.o(i.menu_action_8)
    osKernelInitialize                       0x000037a1   Thumb Code    30  rt_cmsis.o(i.osKernelInitialize)
    osKernelStart                            0x000037c5   Thumb Code    98  rt_cmsis.o(i.osKernelStart)
    osMessageGet                             0x00003831   Thumb Code    18  rt_cmsis.o(i.osMessageGet)
    osThreadCreate                           0x00003849   Thumb Code    38  rt_cmsis.o(i.osThreadCreate)
    osThreadExit                             0x00003879   Thumb Code    14  rt_cmsis.o(i.osThreadExit)
    osTimerCall                              0x00003891   Thumb Code     8  rt_cmsis.o(i.osTimerCall)
    osTimerCreate                            0x0000389d   Thumb Code    44  rt_cmsis.o(i.osTimerCreate)
    osTimerStart                             0x000038d1   Thumb Code    18  rt_cmsis.o(i.osTimerStart)
    osTimerThread                            0x000038e9   Thumb Code    38  rt_cmsis.o(i.osTimerThread)
    os_error                                 0x00003915   Thumb Code     2  rtx_conf_cm.o(i.os_error)
    os_idle_demon                            0x00003917   Thumb Code     2  rtx_conf_cm.o(i.os_idle_demon)
    os_tick_init                             0x00003919   Thumb Code    32  rt_system.o(i.os_tick_init)
    os_tick_irqack                           0x00003941   Thumb Code     2  rt_system.o(i.os_tick_irqack)
    rt_alloc_box                             0x000039f5   Thumb Code    26  rt_membox.o(i.rt_alloc_box)
    rt_alloc_mem                             0x00003a0f   Thumb Code    62  rt_memory.o(i.rt_alloc_mem)
    rt_block                                 0x00003a4d   Thumb Code    48  rt_task.o(i.rt_block)
    rt_chk_robin                             0x00003a85   Thumb Code    60  rt_robin.o(i.rt_chk_robin)
    rt_dec_dly                               0x00003acd   Thumb Code   102  rt_list.o(i.rt_dec_dly)
    rt_dispatch                              0x00003b3d   Thumb Code    60  rt_task.o(i.rt_dispatch)
    rt_evt_psh                               0x00003b81   Thumb Code    76  rt_event.o(i.rt_evt_psh)
    rt_free_box                              0x00003bd1   Thumb Code    44  rt_membox.o(i.rt_free_box)
    rt_free_mem                              0x00003bfd   Thumb Code    40  rt_memory.o(i.rt_free_mem)
    rt_get_first                             0x00003c25   Thumb Code    40  rt_list.o(i.rt_get_first)
    rt_init_mem                              0x00003c9d   Thumb Code    26  rt_memory.o(i.rt_init_mem)
    rt_init_robin                            0x00003cb9   Thumb Code    14  rt_robin.o(i.rt_init_robin)
    rt_init_stack                            0x00003cd1   Thumb Code   118  hal_cm.o(i.rt_init_stack)
    rt_mbx_check                             0x00003d51   Thumb Code     8  rt_mailbox.o(i.rt_mbx_check)
    rt_mbx_init                              0x00003d59   Thumb Code    26  rt_mailbox.o(i.rt_mbx_init)
    rt_mbx_psh                               0x00003d75   Thumb Code   236  rt_mailbox.o(i.rt_mbx_psh)
    rt_mbx_wait                              0x00003e65   Thumb Code   174  rt_mailbox.o(i.rt_mbx_wait)
    rt_mut_release                           0x00003f5d   Thumb Code   208  rt_mutex.o(i.rt_mut_release)
    rt_mut_wait                              0x00004035   Thumb Code   100  rt_mutex.o(i.rt_mut_wait)
    rt_pop_req                               0x0000409d   Thumb Code   112  rt_system.o(i.rt_pop_req)
    rt_psh_req                               0x00004119   Thumb Code    22  rt_system.o(i.rt_psh_req)
    rt_psq_enq                               0x00004139   Thumb Code    88  rt_list.o(i.rt_psq_enq)
    rt_put_dly                               0x00004195   Thumb Code    68  rt_list.o(i.rt_put_dly)
    rt_put_prio                              0x000041dd   Thumb Code    54  rt_list.o(i.rt_put_prio)
    rt_put_rdy_first                         0x00004215   Thumb Code    14  rt_list.o(i.rt_put_rdy_first)
    rt_resort_prio                           0x00004229   Thumb Code    46  rt_list.o(i.rt_resort_prio)
    rt_ret_val                               0x0000425d   Thumb Code     6  hal_cm.o(i.rt_ret_val)
    rt_ret_val2                              0x00004263   Thumb Code     8  hal_cm.o(i.rt_ret_val2)
    rt_rmv_dly                               0x0000426b   Thumb Code    40  rt_list.o(i.rt_rmv_dly)
    rt_rmv_list                              0x00004295   Thumb Code    44  rt_list.o(i.rt_rmv_list)
    rt_sem_psh                               0x000042c5   Thumb Code    48  rt_semaphore.o(i.rt_sem_psh)
    rt_stk_check                             0x000042f9   Thumb Code    28  rt_system.o(i.rt_stk_check)
    rt_switch_req                            0x0000431d   Thumb Code    30  rt_task.o(i.rt_switch_req)
    rt_sys_init                              0x00004345   Thumb Code   138  rt_task.o(i.rt_sys_init)
    rt_sys_start                             0x00004411   Thumb Code   110  rt_task.o(i.rt_sys_start)
    rt_systick                               0x00004489   Thumb Code    50  rt_system.o(i.rt_systick)
    rt_tsk_create                            0x0000454d   Thumb Code   118  rt_task.o(i.rt_tsk_create)
    rt_tsk_delete                            0x000045d5   Thumb Code   352  rt_task.o(i.rt_tsk_delete)
    rt_tsk_prio                              0x00004751   Thumb Code   108  rt_task.o(i.rt_tsk_prio)
    rt_tsk_self                              0x000047cd   Thumb Code    12  rt_task.o(i.rt_tsk_self)
    svcKernelInitialize                      0x0000487d   Thumb Code    80  rt_cmsis.o(i.svcKernelInitialize)
    svcKernelStart                           0x000048ed   Thumb Code    62  rt_cmsis.o(i.svcKernelStart)
    svcMessageCreate                         0x00004935   Thumb Code    36  rt_cmsis.o(i.svcMessageCreate)
    svcMessageGet                            0x00004959   Thumb Code    58  rt_cmsis.o(i.svcMessageGet)
    svcThreadCreate                          0x00004995   Thumb Code   100  rt_cmsis.o(i.svcThreadCreate)
    svcThreadGetId                           0x00004a05   Thumb Code    22  rt_cmsis.o(i.svcThreadGetId)
    svcThreadTerminate                       0x00004a21   Thumb Code    50  rt_cmsis.o(i.svcThreadTerminate)
    svcTimerCall                             0x00004a59   Thumb Code    24  rt_cmsis.o(i.svcTimerCall)
    svcTimerCreate                           0x00004a71   Thumb Code    52  rt_cmsis.o(i.svcTimerCreate)
    svcTimerStart                            0x00004aa9   Thumb Code    96  rt_cmsis.o(i.svcTimerStart)
    sysTimerTick                             0x00004b0d   Thumb Code    84  rt_cmsis.o(i.sysTimerTick)
    os_timer_def_PeriodicTimer               0x00004c60   Data           8  main.o(.constdata)
    GLCD_Font_16x24                          0x00006168   Data          16  glcd_fonts.o(.constdata)
    JOYSTICK_PIN                             0x00006178   Data          10  joystick_mcb1700.o(.constdata)
    LED_PIN                                  0x00006182   Data          16  led_mcb1700.o(.constdata)
    os_maxtaskrun                            0x00006192   Data           2  rtx_conf_cm.o(.constdata)
    os_stackinfo                             0x00006194   Data           4  rtx_conf_cm.o(.constdata)
    os_rrobin                                0x00006198   Data           4  rtx_conf_cm.o(.constdata)
    os_trv                                   0x0000619c   Data           4  rtx_conf_cm.o(.constdata)
    os_flags                                 0x000061a0   Data           1  rtx_conf_cm.o(.constdata)
    CMSIS_RTOS_API_Version                   0x000061a4   Data           4  rtx_conf_cm.o(.constdata)
    CMSIS_RTOS_RTX_Version                   0x000061a8   Data           4  rtx_conf_cm.o(.constdata)
    os_clockrate                             0x000061ac   Data           4  rtx_conf_cm.o(.constdata)
    os_timernum                              0x000061b0   Data           4  rtx_conf_cm.o(.constdata)
    mp_tcb_size                              0x000061b4   Data           2  rtx_conf_cm.o(.constdata)
    mp_stk_size                              0x000061b8   Data           4  rtx_conf_cm.o(.constdata)
    os_stack_sz                              0x000061bc   Data           4  rtx_conf_cm.o(.constdata)
    os_fifo_size                             0x000061c0   Data           1  rtx_conf_cm.o(.constdata)
    os_thread_def_osTimerThread              0x000061c4   Data          16  rtx_conf_cm.o(.constdata)
    os_messageQ_def_osTimerMessageQ          0x000061d4   Data           8  rtx_conf_cm.o(.constdata)
    mp_tmr_size                              0x000061dc   Data           2  rtx_conf_cm.o(.constdata)
    Driver_SPI1                              0x00006230   Data          44  ssp_lpc17xx.o(.constdata)
    Region$$Table$$Base                      0x000062f8   Number         0  anon$$obj.o(Region$$Table)
    Region$$Table$$Limit                     0x00006318   Number         0  anon$$obj.o(Region$$Table)
    menu_updated                             0x10000000   Data           1  main.o(.data)
    menu_status                              0x10000001   Data           1  main.o(.data)
    Now                                      0x10000002   Data           3  main.o(.data)
    Pump_time                                0x10000005   Data           3  main.o(.data)
    current_item                             0x10000008   Data           4  main.o(.data)
    programIndex                             0x1000000c   Data           4  main.o(.data)
    Time_Index                               0x10000010   Data           4  main.o(.data)
    result                                   0x10000014   Data           4  main.o(.data)
    Current_joystickStatus                   0x10000018   Data           4  main.o(.data)
    P_setting_Index                          0x1000001c   Data           4  main.o(.data)
    i                                        0x10000020   Data           4  main.o(.data)
    j                                        0x10000024   Data           4  main.o(.data)
    decimal                                  0x10000028   Data           4  main.o(.data)
    Working_Index                            0x1000002c   Data           4  main.o(.data)
    Light_prog_Index                         0x10000030   Data           4  main.o(.data)
    Temp_prog_Index                          0x10000034   Data           4  main.o(.data)
    Moist_prog_Index                         0x10000038   Data           4  main.o(.data)
    P_Time_Index                             0x1000003c   Data           4  main.o(.data)
    Pump_duration_prog_Index                 0x10000040   Data           4  main.o(.data)
    ADC_prog_Index                           0x10000044   Data           4  main.o(.data)
    TimerId                                  0x10000048   Data           4  main.o(.data)
    adcString                                0x1000004c   Data           5  main.o(.data)
    lightString                              0x10000051   Data           5  main.o(.data)
    moistString                              0x10000056   Data           5  main.o(.data)
    light                                    0x1000005c   Data           8  main.o(.data)
    temperature                              0x10000064   Data           8  main.o(.data)
    moist                                    0x1000006c   Data           8  main.o(.data)
    ADC_String                               0x10000074   Data          20  main.o(.data)
    menuPump                                 0x10000088   Data          40  main.o(.data)
    menuSensor                               0x100000b0   Data          24  main.o(.data)
    m_tmr                                    0x100000e0   Data           4  rtx_conf_cm.o(.data)
    os_thread_def_main                       0x100000e4   Data          16  rtx_conf_cm.o(.data)
    osThreadId_osTimerThread                 0x100000f4   Data           4  rtx_conf_cm.o(.data)
    osMessageQId_osTimerMessageQ             0x100000f8   Data           4  rtx_conf_cm.o(.data)
    SystemCoreClock                          0x10000114   Data           4  system_lpc17xx.o(.data)
    os_initialized                           0x10000118   Data           1  rt_cmsis.o(.data)
    os_running                               0x10000119   Data           1  rt_cmsis.o(.data)
    os_timer_head                            0x1000011c   Data           4  rt_cmsis.o(.data)
    os_tsk                                   0x10000120   Data           8  rt_task.o(.data)
    os_tick_irqn                             0x1000012c   Data           4  rt_system.o(.data)
    os_time                                  0x10000130   Data           4  rt_time.o(.data)
    os_robin                                 0x10000134   Data           8  rt_robin.o(.data)
    dbg_msg                                  0x1000013c   Data           1  hal_cm.o(.data)
    Data_pump                                0x10000140   Data          16  main.o(.bss)
    os_timer_cb_PeriodicTimer                0x10000150   Data          24  main.o(.bss)
    os_messageQ_q_osTimerMessageQ            0x10000168   Data          32  rtx_conf_cm.o(.bss)
    mp_tcb                                   0x10000188   Data         376  rtx_conf_cm.o(.bss)
    mp_stk                                   0x10000300   Data        2416  rtx_conf_cm.o(.bss)
    os_stack_mem                             0x10000c70   Data         632  rtx_conf_cm.o(.bss)
    os_fifo                                  0x10000ee8   Data         132  rtx_conf_cm.o(.bss)
    os_active_TCB                            0x10000f6c   Data          28  rtx_conf_cm.o(.bss)
    os_idle_TCB                              0x10001050   Data          52  rt_task.o(.bss)
    os_rdy                                   0x10001084   Data          24  rt_list.o(.bss)
    os_dly                                   0x1000109c   Data          24  rt_list.o(.bss)
    __libspace_start                         0x100010b4   Data          96  libspace.o(.bss)
    __temporary_stack_top$libspace           0x10001114   Data           0  libspace.o(.bss)



==============================================================================

Memory Map of the image

  Image Entry point : 0x000000cd

  Load Region LR_IROM1 (Base: 0x00000000, Size: 0x00006458, Max: 0x00080000, ABSOLUTE, COMPRESSED[0x00006370])

    Execution Region ER_IROM1 (Exec base: 0x00000000, Load base: 0x00000000, Size: 0x00006318, Max: 0x00080000, ABSOLUTE)

    Exec Addr    Load Addr    Size         Type   Attr      Idx    E Section Name        Object

    0x00000000   0x00000000   0x000000cc   Data   RO         1307    RESET               startup_lpc17xx.o
    0x000000cc   0x000000cc   0x00000008   Code   RO         2607  * !!!main             c_w.l(__main.o)
    0x000000d4   0x000000d4   0x00000034   Code   RO         2779    !!!scatter          c_w.l(__scatter.o)
    0x00000108   0x00000108   0x0000005a   Code   RO         2777    !!dczerorl2         c_w.l(__dczerorl2.o)
    0x00000162   0x00000162   0x00000002   PAD
    0x00000164   0x00000164   0x0000001c   Code   RO         2781    !!handler_zi        c_w.l(__scatter_zi.o)
    0x00000180   0x00000180   0x00000000   Code   RO         2600    .ARM.Collect$$_printf_percent$$00000000  c_w.l(_printf_percent.o)
    0x00000180   0x00000180   0x00000006   Code   RO         2599    .ARM.Collect$$_printf_percent$$00000009  c_w.l(_printf_d.o)
    0x00000186   0x00000186   0x00000004   Code   RO         2622    .ARM.Collect$$_printf_percent$$00000017  c_w.l(_printf_percent_end.o)
    0x0000018a   0x0000018a   0x00000002   Code   RO         2663    .ARM.Collect$$libinit$$00000000  c_w.l(libinit.o)
    0x0000018c   0x0000018c   0x00000000   Code   RO         2675    .ARM.Collect$$libinit$$00000002  c_w.l(libinit2.o)
    0x0000018c   0x0000018c   0x00000000   Code   RO         2677    .ARM.Collect$$libinit$$00000004  c_w.l(libinit2.o)
    0x0000018c   0x0000018c   0x00000000   Code   RO         2680    .ARM.Collect$$libinit$$0000000A  c_w.l(libinit2.o)
    0x0000018c   0x0000018c   0x00000000   Code   RO         2682    .ARM.Collect$$libinit$$0000000C  c_w.l(libinit2.o)
    0x0000018c   0x0000018c   0x00000000   Code   RO         2684    .ARM.Collect$$libinit$$0000000E  c_w.l(libinit2.o)
    0x0000018c   0x0000018c   0x00000000   Code   RO         2687    .ARM.Collect$$libinit$$00000011  c_w.l(libinit2.o)
    0x0000018c   0x0000018c   0x00000000   Code   RO         2689    .ARM.Collect$$libinit$$00000013  c_w.l(libinit2.o)
    0x0000018c   0x0000018c   0x00000000   Code   RO         2691    .ARM.Collect$$libinit$$00000015  c_w.l(libinit2.o)
    0x0000018c   0x0000018c   0x00000000   Code   RO         2693    .ARM.Collect$$libinit$$00000017  c_w.l(libinit2.o)
    0x0000018c   0x0000018c   0x00000000   Code   RO         2695    .ARM.Collect$$libinit$$00000019  c_w.l(libinit2.o)
    0x0000018c   0x0000018c   0x00000000   Code   RO         2697    .ARM.Collect$$libinit$$0000001B  c_w.l(libinit2.o)
    0x0000018c   0x0000018c   0x00000000   Code   RO         2699    .ARM.Collect$$libinit$$0000001D  c_w.l(libinit2.o)
    0x0000018c   0x0000018c   0x00000000   Code   RO         2701    .ARM.Collect$$libinit$$0000001F  c_w.l(libinit2.o)
    0x0000018c   0x0000018c   0x00000000   Code   RO         2703    .ARM.Collect$$libinit$$00000021  c_w.l(libinit2.o)
    0x0000018c   0x0000018c   0x00000000   Code   RO         2705    .ARM.Collect$$libinit$$00000023  c_w.l(libinit2.o)
    0x0000018c   0x0000018c   0x00000000   Code   RO         2707    .ARM.Collect$$libinit$$00000025  c_w.l(libinit2.o)
    0x0000018c   0x0000018c   0x00000000   Code   RO         2711    .ARM.Collect$$libinit$$0000002C  c_w.l(libinit2.o)
    0x0000018c   0x0000018c   0x00000000   Code   RO         2713    .ARM.Collect$$libinit$$0000002E  c_w.l(libinit2.o)
    0x0000018c   0x0000018c   0x00000000   Code   RO         2715    .ARM.Collect$$libinit$$00000030  c_w.l(libinit2.o)
    0x0000018c   0x0000018c   0x00000000   Code   RO         2717    .ARM.Collect$$libinit$$00000032  c_w.l(libinit2.o)
    0x0000018c   0x0000018c   0x00000002   Code   RO         2718    .ARM.Collect$$libinit$$00000033  c_w.l(libinit2.o)
    0x0000018e   0x0000018e   0x00000002   Code   RO         2664    .ARM.Collect$$libshutdown$$00000000  c_w.l(libshutdown.o)
    0x00000190   0x00000190   0x00000000   Code   RO         2720    .ARM.Collect$$libshutdown$$00000002  c_w.l(libshutdown2.o)
    0x00000190   0x00000190   0x00000000   Code   RO         2722    .ARM.Collect$$libshutdown$$00000004  c_w.l(libshutdown2.o)
    0x00000190   0x00000190   0x00000000   Code   RO         2725    .ARM.Collect$$libshutdown$$00000007  c_w.l(libshutdown2.o)
    0x00000190   0x00000190   0x00000000   Code   RO         2728    .ARM.Collect$$libshutdown$$0000000A  c_w.l(libshutdown2.o)
    0x00000190   0x00000190   0x00000000   Code   RO         2730    .ARM.Collect$$libshutdown$$0000000C  c_w.l(libshutdown2.o)
    0x00000190   0x00000190   0x00000000   Code   RO         2733    .ARM.Collect$$libshutdown$$0000000F  c_w.l(libshutdown2.o)
    0x00000190   0x00000190   0x00000002   Code   RO         2734    .ARM.Collect$$libshutdown$$00000010  c_w.l(libshutdown2.o)
    0x00000192   0x00000192   0x00000000   Code   RO         2609    .ARM.Collect$$rtentry$$00000000  c_w.l(__rtentry.o)
    0x00000192   0x00000192   0x00000000   Code   RO         2624    .ARM.Collect$$rtentry$$00000002  c_w.l(__rtentry2.o)
    0x00000192   0x00000192   0x00000006   Code   RO         2636    .ARM.Collect$$rtentry$$00000004  c_w.l(__rtentry4.o)
    0x00000198   0x00000198   0x00000000   Code   RO         2626    .ARM.Collect$$rtentry$$00000009  c_w.l(__rtentry2.o)
    0x00000198   0x00000198   0x00000004   Code   RO         2627    .ARM.Collect$$rtentry$$0000000A  c_w.l(__rtentry2.o)
    0x0000019c   0x0000019c   0x00000008   Code   RO         2628    .ARM.Collect$$rtentry$$0000000B  c_w.l(__rtentry2.o)
    0x000001a4   0x000001a4   0x00000008   Code   RO         2630    .ARM.Collect$$rtentry$$0000000D  c_w.l(__rtentry2.o)
    0x000001ac   0x000001ac   0x00000002   Code   RO         2610    .ARM.Collect$$rtexit$$00000000  c_w.l(rtexit.o)
    0x000001ae   0x000001ae   0x00000000   Code   RO         2639    .ARM.Collect$$rtexit$$00000002  c_w.l(rtexit2.o)
    0x000001ae   0x000001ae   0x00000004   Code   RO         2640    .ARM.Collect$$rtexit$$00000003  c_w.l(rtexit2.o)
    0x000001b2   0x000001b2   0x00000006   Code   RO         2641    .ARM.Collect$$rtexit$$00000004  c_w.l(rtexit2.o)
    0x000001b8   0x000001b8   0x0000001c   Code   RO          856    .emb_text           rtx_conf_cm.o
    0x000001d4   0x000001d4   0x0000003c   Code   RO         1309    .text               startup_lpc17xx.o
    0x00000210   0x00000210   0x00000008   Code   RO         2564    .text               c_w.l(libspace.o)
    0x00000218   0x00000218   0x00000028   Code   RO         2571    .text               c_w.l(noretval__2sprintf.o)
    0x00000240   0x00000240   0x0000004e   Code   RO         2575    .text               c_w.l(_printf_pad.o)
    0x0000028e   0x0000028e   0x00000012   Code   RO         2601    .text               c_w.l(exit.o)
    0x000002a0   0x000002a0   0x0000004e   Code   RO         2603    .text               c_w.l(rt_memclr_w.o)
    0x000002ee   0x000002ee   0x00000006   Code   RO         2605    .text               c_w.l(heapauxi.o)
    0x000002f4   0x000002f4   0x00000002   Code   RO         2665    .text               c_w.l(use_no_semi.o)
    0x000002f6   0x000002f6   0x00000000   Code   RO         2667    .text               c_w.l(indicate_semi.o)
    0x000002f6   0x000002f6   0x00000002   PAD
    0x000002f8   0x000002f8   0x00000004   Code   RO         2559    SVC_TABLE           RTX_CM3.lib(svc_table.o)
    0x000002fc   0x000002fc   0x00000004   Code   RO         1308    .ARM.__at_0x02FC    startup_lpc17xx.o
    0x00000300   0x00000300   0x00000130   Code   RO         2549    .emb_text           RTX_CM3.lib(hal_cm3.o)
    0x00000430   0x00000430   0x000000ee   Code   RO         2567    .text               c_w.l(lludivv7m.o)
    0x0000051e   0x0000051e   0x00000002   PAD
    0x00000520   0x00000520   0x00000078   Code   RO         2577    .text               c_w.l(_printf_dec.o)
    0x00000598   0x00000598   0x00000138   Code   RO         2591    .text               c_w.l(__printf_flags_wp.o)
    0x000006d0   0x000006d0   0x000000b2   Code   RO         2616    .text               c_w.l(_printf_intcommon.o)
    0x00000782   0x00000782   0x00000002   PAD
    0x00000784   0x00000784   0x00000030   Code   RO         2618    .text               c_w.l(_printf_char_common.o)
    0x000007b4   0x000007b4   0x0000000a   Code   RO         2620    .text               c_w.l(_sputc.o)
    0x000007be   0x000007be   0x00000002   PAD
    0x000007c0   0x000007c0   0x0000000c   Code   RO         2649    .text               c_w.l(sys_exit.o)
    0x000007cc   0x000007cc   0x0000004a   Code   RO         2651    .text               c_w.l(sys_stackheap_outer.o)
    0x00000816   0x00000816   0x00000002   PAD
    0x00000818   0x00000818   0x000000b0   Code   RO            4    i.ADC_DisplayStaticText  main.o
    0x000008c8   0x000008c8   0x00000020   Code   RO          472    i.ADC_IRQHandler    adc_mcb1700.o
    0x000008e8   0x000008e8   0x00000040   Code   RO          473    i.ADC_Initialize    adc_mcb1700.o
    0x00000928   0x00000928   0x00000038   Code   RO            5    i.ADC_Threshold_JoystickControl  main.o
    0x00000960   0x00000960   0x00000034   Code   RO            6    i.ADC_Threshold_Set  main.o
    0x00000994   0x00000994   0x0000001c   Code   RO         1128    i.Clear_Channel_active_flag  gpdma_lpc17xx.o
    0x000009b0   0x000009b0   0x000000e8   Code   RO         1129    i.DMA_IRQHandler    gpdma_lpc17xx.o
    0x00000a98   0x00000a98   0x0000000e   Code   RO          348    i.Decrease          increase_decrease.o
    0x00000aa6   0x00000aa6   0x00000002   PAD
    0x00000aa8   0x00000aa8   0x00000084   Code   RO            7    i.DisplayADCValue   main.o
    0x00000b2c   0x00000b2c   0x00000024   Code   RO            8    i.DisplayADC_Threshold  main.o
    0x00000b50   0x00000b50   0x000000f4   Code   RO            9    i.DisplayLightStatus  main.o
    0x00000c44   0x00000c44   0x00000104   Code   RO           10    i.DisplayMoistStatus  main.o
    0x00000d48   0x00000d48   0x00000098   Code   RO           11    i.DisplayPumpStatus  main.o
    0x00000de0   0x00000de0   0x00000100   Code   RO           12    i.DisplayStaticText  main.o
    0x00000ee0   0x00000ee0   0x000000dc   Code   RO           13    i.DisplayTempStatus  main.o
    0x00000fbc   0x00000fbc   0x00000080   Code   RO           14    i.DisplayTime       main.o
    0x0000103c   0x0000103c   0x00000090   Code   RO           15    i.Display_Light_Text_data  main.o
    0x000010cc   0x000010cc   0x00000084   Code   RO           16    i.Display_Moist_Text_data  main.o
    0x00001150   0x00001150   0x00000028   Code   RO           17    i.Display_Pump_Duration  main.o
    0x00001178   0x00001178   0x0000001c   Code   RO           18    i.Display_Pump_time  main.o
    0x00001194   0x00001194   0x000000c0   Code   RO           19    i.Display_Static_Text_data  main.o
    0x00001254   0x00001254   0x0000009c   Code   RO           20    i.Display_Temp_Text_data  main.o
    0x000012f0   0x000012f0   0x0000001c   Code   RO           21    i.Display_current_Time  main.o
    0x0000130c   0x0000130c   0x000000a8   Code   RO           22    i.Duration_DisplayStaticText  main.o
    0x000013b4   0x000013b4   0x0000003c   Code   RO          603    i.GLCD_ClearScreen  glcd_mcb1700.o
    0x000013f0   0x000013f0   0x00000088   Code   RO          606    i.GLCD_DrawChar     glcd_mcb1700.o
    0x00001478   0x00001478   0x00000030   Code   RO          607    i.GLCD_DrawHLine    glcd_mcb1700.o
    0x000014a8   0x000014a8   0x00000034   Code   RO          609    i.GLCD_DrawRectangle  glcd_mcb1700.o
    0x000014dc   0x000014dc   0x00000030   Code   RO          610    i.GLCD_DrawString   glcd_mcb1700.o
    0x0000150c   0x0000150c   0x00000030   Code   RO          611    i.GLCD_DrawVLine    glcd_mcb1700.o
    0x0000153c   0x0000153c   0x000005ae   Code   RO          614    i.GLCD_Initialize   glcd_mcb1700.o
    0x00001aea   0x00001aea   0x00000002   PAD
    0x00001aec   0x00001aec   0x0000000c   Code   RO          615    i.GLCD_SetBackgroundColor  glcd_mcb1700.o
    0x00001af8   0x00001af8   0x0000000c   Code   RO          616    i.GLCD_SetFont      glcd_mcb1700.o
    0x00001b04   0x00001b04   0x0000000c   Code   RO          617    i.GLCD_SetForegroundColor  glcd_mcb1700.o
    0x00001b10   0x00001b10   0x00000094   Code   RO          618    i.GLCD_SetWindow    glcd_mcb1700.o
    0x00001ba4   0x00001ba4   0x000000d8   Code   RO           23    i.GLCD_UpdateMenu   main.o
    0x00001c7c   0x00001c7c   0x00000034   Code   RO           24    i.GLCD_intro_text   main.o
    0x00001cb0   0x00001cb0   0x00000030   Code   RO           25    i.GLCD_outro_text   main.o
    0x00001ce0   0x00001ce0   0x000000c8   Code   RO         1130    i.GPDMA_ChannelConfigure  gpdma_lpc17xx.o
    0x00001da8   0x00001da8   0x0000002c   Code   RO         1131    i.GPDMA_ChannelDisable  gpdma_lpc17xx.o
    0x00001dd4   0x00001dd4   0x00000030   Code   RO         1133    i.GPDMA_ChannelGetCount  gpdma_lpc17xx.o
    0x00001e04   0x00001e04   0x00000074   Code   RO         1135    i.GPDMA_Initialize  gpdma_lpc17xx.o
    0x00001e78   0x00001e78   0x00000034   Code   RO         1136    i.GPDMA_PeripheralSelect  gpdma_lpc17xx.o
    0x00001eac   0x00001eac   0x00000040   Code   RO         1137    i.GPDMA_Uninitialize  gpdma_lpc17xx.o
    0x00001eec   0x00001eec   0x00000018   Code   RO         1218    i.GPIO_PinRead      gpio_lpc17xx.o
    0x00001f04   0x00001f04   0x00000018   Code   RO         1219    i.GPIO_PinWrite     gpio_lpc17xx.o
    0x00001f1c   0x00001f1c   0x0000001c   Code   RO         1220    i.GPIO_PortClock    gpio_lpc17xx.o
    0x00001f38   0x00001f38   0x00000020   Code   RO         1223    i.GPIO_SetDir       gpio_lpc17xx.o
    0x00001f58   0x00001f58   0x0000003c   Code   RO          943    i.GetSSPClockFreq   ssp_lpc17xx.o
    0x00001f94   0x00001f94   0x00000012   Code   RO          349    i.Increase          increase_decrease.o
    0x00001fa6   0x00001fa6   0x00000002   PAD
    0x00001fa8   0x00001fa8   0x00000018   Code   RO           26    i.Init_LED          main.o
    0x00001fc0   0x00001fc0   0x00000060   Code   RO           27    i.Joy_stick_scan    main.o
    0x00002020   0x00002020   0x00000040   Code   RO          777    i.Joystick_Initialize  joystick_mcb1700.o
    0x00002060   0x00002060   0x0000004c   Code   RO          813    i.LED_Initialize    led_mcb1700.o
    0x000020ac   0x000020ac   0x00000050   Code   RO           28    i.Light_Sensor_Screen  main.o
    0x000020fc   0x000020fc   0x00000094   Code   RO           29    i.Main_menu_Joy_stick_scan  main.o
    0x00002190   0x00002190   0x00000050   Code   RO           30    i.Moist_Sensor_Screen  main.o
    0x000021e0   0x000021e0   0x00000016   Code   RO          944    i.NVIC_ClearPendingIRQ  ssp_lpc17xx.o
    0x000021f6   0x000021f6   0x00000016   Code   RO         1138    i.NVIC_ClearPendingIRQ  gpdma_lpc17xx.o
    0x0000220c   0x0000220c   0x00000068   Code   RO         1272    i.PIN_Configure     pin_lpc17xx.o
    0x00002274   0x00002274   0x00000080   Code   RO           31    i.P_DisplayTime     main.o
    0x000022f4   0x000022f4   0x00000084   Code   RO           32    i.P_Setting_JoystickControl  main.o
    0x00002378   0x00002378   0x00000038   Code   RO           33    i.PumpSettingScreen  main.o
    0x000023b0   0x000023b0   0x000000f8   Code   RO           34    i.Pump_DisplayStaticText  main.o
    0x000024a8   0x000024a8   0x00000034   Code   RO           35    i.Pump_Duration_JoystickControl  main.o
    0x000024dc   0x000024dc   0x00000034   Code   RO           36    i.Pump_Duration_Set  main.o
    0x00002510   0x00002510   0x0000000c   Code   RO          945    i.SSP1_Control      ssp_lpc17xx.o
    0x0000251c   0x0000251c   0x0000000c   Code   RO          946    i.SSP1_GPDMA_Rx_SignalEvent  ssp_lpc17xx.o
    0x00002528   0x00002528   0x0000000c   Code   RO          947    i.SSP1_GPDMA_Tx_SignalEvent  ssp_lpc17xx.o
    0x00002534   0x00002534   0x00000028   Code   RO          948    i.SSP1_GetDataCount  ssp_lpc17xx.o
    0x0000255c   0x0000255c   0x00000020   Code   RO          949    i.SSP1_GetStatus    ssp_lpc17xx.o
    0x0000257c   0x0000257c   0x0000000c   Code   RO          950    i.SSP1_IRQHandler   ssp_lpc17xx.o
    0x00002588   0x00002588   0x0000000c   Code   RO          951    i.SSP1_Initialize   ssp_lpc17xx.o
    0x00002594   0x00002594   0x0000000c   Code   RO          952    i.SSP1_PowerControl  ssp_lpc17xx.o
    0x000025a0   0x000025a0   0x0000000c   Code   RO          953    i.SSP1_Receive      ssp_lpc17xx.o
    0x000025ac   0x000025ac   0x0000000c   Code   RO          954    i.SSP1_Send         ssp_lpc17xx.o
    0x000025b8   0x000025b8   0x0000000c   Code   RO          955    i.SSP1_Transfer     ssp_lpc17xx.o
    0x000025c4   0x000025c4   0x0000000c   Code   RO          956    i.SSP1_Uninitialize  ssp_lpc17xx.o
    0x000025d0   0x000025d0   0x0000000c   Code   RO          957    i.SSP_GetCapabilities  ssp_lpc17xx.o
    0x000025dc   0x000025dc   0x0000000c   Code   RO          958    i.SSP_GetVersion    ssp_lpc17xx.o
    0x000025e8   0x000025e8   0x000003e4   Code   RO          959    i.SSPx_Control      ssp_lpc17xx.o
    0x000029cc   0x000029cc   0x0000001e   Code   RO          960    i.SSPx_GPDMA_Rx_SignalEvent  ssp_lpc17xx.o
    0x000029ea   0x000029ea   0x0000000c   Code   RO          961    i.SSPx_GPDMA_Tx_SignalEvent  ssp_lpc17xx.o
    0x000029f6   0x000029f6   0x000000ce   Code   RO          962    i.SSPx_IRQHandler   ssp_lpc17xx.o
    0x00002ac4   0x00002ac4   0x00000094   Code   RO          963    i.SSPx_Initialize   ssp_lpc17xx.o
    0x00002b58   0x00002b58   0x0000014a   Code   RO          964    i.SSPx_PowerControl  ssp_lpc17xx.o
    0x00002ca2   0x00002ca2   0x00000002   PAD
    0x00002ca4   0x00002ca4   0x0000012c   Code   RO          965    i.SSPx_Receive      ssp_lpc17xx.o
    0x00002dd0   0x00002dd0   0x0000012c   Code   RO          966    i.SSPx_Send         ssp_lpc17xx.o
    0x00002efc   0x00002efc   0x00000134   Code   RO          967    i.SSPx_Transfer     ssp_lpc17xx.o
    0x00003030   0x00003030   0x00000064   Code   RO          968    i.SSPx_Uninitialize  ssp_lpc17xx.o
    0x00003094   0x00003094   0x00000048   Code   RO           37    i.SelectColor       main.o
    0x000030dc   0x000030dc   0x0000002c   Code   RO         1139    i.Set_Channel_active_flag  gpdma_lpc17xx.o
    0x00003108   0x00003108   0x000000d0   Code   RO         1319    i.SystemInit        system_lpc17xx.o
    0x000031d8   0x000031d8   0x00000050   Code   RO           38    i.Temp_Sensor_Screen  main.o
    0x00003228   0x00003228   0x00000038   Code   RO           39    i.TimeSettingScreen  main.o
    0x00003260   0x00003260   0x00000084   Code   RO           40    i.TimeSettingScreenJoystickControl  main.o
    0x000032e4   0x000032e4   0x00000024   Code   RO           41    i.TimeToString      main.o
    0x00003308   0x00003308   0x00000034   Code   RO           42    i.Time_and_data_init  main.o
    0x0000333c   0x0000333c   0x00000034   Code   RO           43    i.Time_update       main.o
    0x00003370   0x00003370   0x00000004   Code   RO           44    i.Timer_Callback    main.o
    0x00003374   0x00003374   0x00000054   Code   RO           45    i.Working_Screen    main.o
    0x000033c8   0x000033c8   0x00000046   Code   RO         2448    i._init_box         RTX_CM3.lib(rt_membox.o)
    0x0000340e   0x0000340e   0x0000000e   Code   RO         2589    i._is_digit         c_w.l(__printf_wp.o)
    0x0000341c   0x0000341c   0x00000020   Code   RO          858    i._mutex_acquire    rtx_conf_cm.o
    0x0000343c   0x0000343c   0x0000001c   Code   RO          860    i._mutex_release    rtx_conf_cm.o
    0x00003458   0x00003458   0x00000024   Code   RO           46    i.checkRemainTime   main.o
    0x0000347c   0x0000347c   0x00000030   Code   RO         2501    i.dbg_init          RTX_CM3.lib(hal_cm.o)
    0x000034ac   0x000034ac   0x00000020   Code   RO         2502    i.dbg_task_notify   RTX_CM3.lib(hal_cm.o)
    0x000034cc   0x000034cc   0x00000010   Code   RO         2503    i.dbg_task_switch   RTX_CM3.lib(hal_cm.o)
    0x000034dc   0x000034dc   0x0000002c   Code   RO          621    i.delay_ms          glcd_mcb1700.o
    0x00003508   0x00003508   0x0000002a   Code   RO         1354    i.isrMessageGet     RTX_CM3.lib(rt_cmsis.o)
    0x00003532   0x00003532   0x0000002c   Code   RO         1355    i.isrMessagePut     RTX_CM3.lib(rt_cmsis.o)
    0x0000355e   0x0000355e   0x00000002   PAD
    0x00003560   0x00003560   0x00000052   Code   RO         2303    i.isr_mbx_receive   RTX_CM3.lib(rt_mailbox.o)
    0x000035b2   0x000035b2   0x0000000e   Code   RO         2304    i.isr_mbx_send      RTX_CM3.lib(rt_mailbox.o)
    0x000035c0   0x000035c0   0x00000018   Code   RO          367    i.light_off         light_on_off.o
    0x000035d8   0x000035d8   0x00000010   Code   RO          368    i.light_off_all     light_on_off.o
    0x000035e8   0x000035e8   0x00000018   Code   RO          369    i.light_on          light_on_off.o
    0x00003600   0x00003600   0x000000a0   Code   RO           47    i.main              main.o
    0x000036a0   0x000036a0   0x00000020   Code   RO          403    i.menu_action_1     action.o
    0x000036c0   0x000036c0   0x00000020   Code   RO          404    i.menu_action_2     action.o
    0x000036e0   0x000036e0   0x00000020   Code   RO          405    i.menu_action_3     action.o
    0x00003700   0x00003700   0x00000020   Code   RO          406    i.menu_action_4     action.o
    0x00003720   0x00003720   0x00000020   Code   RO          407    i.menu_action_5     action.o
    0x00003740   0x00003740   0x00000020   Code   RO          408    i.menu_action_6     action.o
    0x00003760   0x00003760   0x00000020   Code   RO          409    i.menu_action_7     action.o
    0x00003780   0x00003780   0x00000020   Code   RO          410    i.menu_action_8     action.o
    0x000037a0   0x000037a0   0x00000024   Code   RO         1359    i.osKernelInitialize  RTX_CM3.lib(rt_cmsis.o)
    0x000037c4   0x000037c4   0x0000006c   Code   RO         1361    i.osKernelStart     RTX_CM3.lib(rt_cmsis.o)
    0x00003830   0x00003830   0x00000018   Code   RO         1370    i.osMessageGet      RTX_CM3.lib(rt_cmsis.o)
    0x00003848   0x00003848   0x00000030   Code   RO         1387    i.osThreadCreate    RTX_CM3.lib(rt_cmsis.o)
    0x00003878   0x00003878   0x00000018   Code   RO         1388    i.osThreadExit      RTX_CM3.lib(rt_cmsis.o)
    0x00003890   0x00003890   0x0000000c   Code   RO         1394    i.osTimerCall       RTX_CM3.lib(rt_cmsis.o)
    0x0000389c   0x0000389c   0x00000034   Code   RO         1395    i.osTimerCreate     RTX_CM3.lib(rt_cmsis.o)
    0x000038d0   0x000038d0   0x00000018   Code   RO         1397    i.osTimerStart      RTX_CM3.lib(rt_cmsis.o)
    0x000038e8   0x000038e8   0x0000002c   Code   RO         1399    i.osTimerThread     RTX_CM3.lib(rt_cmsis.o)
    0x00003914   0x00003914   0x00000002   Code   RO          861    i.os_error          rtx_conf_cm.o
    0x00003916   0x00003916   0x00000002   Code   RO          862    i.os_idle_demon     rtx_conf_cm.o
    0x00003918   0x00003918   0x00000028   Code   RO         2095    i.os_tick_init      RTX_CM3.lib(rt_system.o)
    0x00003940   0x00003940   0x00000002   Code   RO         2096    i.os_tick_irqack    RTX_CM3.lib(rt_system.o)
    0x00003942   0x00003942   0x00000002   PAD
    0x00003944   0x00003944   0x000000b0   Code   RO          622    i.rd_id_man         glcd_mcb1700.o
    0x000039f4   0x000039f4   0x0000001a   Code   RO         2449    i.rt_alloc_box      RTX_CM3.lib(rt_membox.o)
    0x00003a0e   0x00003a0e   0x0000003e   Code   RO         2477    i.rt_alloc_mem      RTX_CM3.lib(rt_memory.o)
    0x00003a4c   0x00003a4c   0x00000038   Code   RO         1976    i.rt_block          RTX_CM3.lib(rt_task.o)
    0x00003a84   0x00003a84   0x00000048   Code   RO         2426    i.rt_chk_robin      RTX_CM3.lib(rt_robin.o)
    0x00003acc   0x00003acc   0x00000070   Code   RO         2227    i.rt_dec_dly        RTX_CM3.lib(rt_list.o)
    0x00003b3c   0x00003b3c   0x00000044   Code   RO         1977    i.rt_dispatch       RTX_CM3.lib(rt_task.o)
    0x00003b80   0x00003b80   0x00000050   Code   RO         2188    i.rt_evt_psh        RTX_CM3.lib(rt_event.o)
    0x00003bd0   0x00003bd0   0x0000002c   Code   RO         2450    i.rt_free_box       RTX_CM3.lib(rt_membox.o)
    0x00003bfc   0x00003bfc   0x00000028   Code   RO         2478    i.rt_free_mem       RTX_CM3.lib(rt_memory.o)
    0x00003c24   0x00003c24   0x00000028   Code   RO         2228    i.rt_get_first      RTX_CM3.lib(rt_list.o)
    0x00003c4c   0x00003c4c   0x00000008   Code   RO         1404    i.rt_id2obj         RTX_CM3.lib(rt_cmsis.o)
    0x00003c54   0x00003c54   0x00000048   Code   RO         1978    i.rt_init_context   RTX_CM3.lib(rt_task.o)
    0x00003c9c   0x00003c9c   0x0000001a   Code   RO         2479    i.rt_init_mem       RTX_CM3.lib(rt_memory.o)
    0x00003cb6   0x00003cb6   0x00000002   PAD
    0x00003cb8   0x00003cb8   0x00000018   Code   RO         2427    i.rt_init_robin     RTX_CM3.lib(rt_robin.o)
    0x00003cd0   0x00003cd0   0x00000080   Code   RO         2504    i.rt_init_stack     RTX_CM3.lib(hal_cm.o)
    0x00003d50   0x00003d50   0x00000008   Code   RO         2305    i.rt_mbx_check      RTX_CM3.lib(rt_mailbox.o)
    0x00003d58   0x00003d58   0x0000001a   Code   RO         2306    i.rt_mbx_init       RTX_CM3.lib(rt_mailbox.o)
    0x00003d72   0x00003d72   0x00000002   PAD
    0x00003d74   0x00003d74   0x000000f0   Code   RO         2307    i.rt_mbx_psh        RTX_CM3.lib(rt_mailbox.o)
    0x00003e64   0x00003e64   0x000000b4   Code   RO         2309    i.rt_mbx_wait       RTX_CM3.lib(rt_mailbox.o)
    0x00003f18   0x00003f18   0x00000044   Code   RO         1405    i.rt_ms2tick        RTX_CM3.lib(rt_cmsis.o)
    0x00003f5c   0x00003f5c   0x000000d8   Code   RO         2062    i.rt_mut_release    RTX_CM3.lib(rt_mutex.o)
    0x00004034   0x00004034   0x00000068   Code   RO         2063    i.rt_mut_wait       RTX_CM3.lib(rt_mutex.o)
    0x0000409c   0x0000409c   0x0000007c   Code   RO         2099    i.rt_pop_req        RTX_CM3.lib(rt_system.o)
    0x00004118   0x00004118   0x00000020   Code   RO         2100    i.rt_psh_req        RTX_CM3.lib(rt_system.o)
    0x00004138   0x00004138   0x0000005c   Code   RO         2230    i.rt_psq_enq        RTX_CM3.lib(rt_list.o)
    0x00004194   0x00004194   0x00000048   Code   RO         2231    i.rt_put_dly        RTX_CM3.lib(rt_list.o)
    0x000041dc   0x000041dc   0x00000036   Code   RO         2232    i.rt_put_prio       RTX_CM3.lib(rt_list.o)
    0x00004212   0x00004212   0x00000002   PAD
    0x00004214   0x00004214   0x00000014   Code   RO         2233    i.rt_put_rdy_first  RTX_CM3.lib(rt_list.o)
    0x00004228   0x00004228   0x00000034   Code   RO         2234    i.rt_resort_prio    RTX_CM3.lib(rt_list.o)
    0x0000425c   0x0000425c   0x00000006   Code   RO         2505    i.rt_ret_val        RTX_CM3.lib(hal_cm.o)
    0x00004262   0x00004262   0x00000008   Code   RO         2506    i.rt_ret_val2       RTX_CM3.lib(hal_cm.o)
    0x0000426a   0x0000426a   0x00000028   Code   RO         2235    i.rt_rmv_dly        RTX_CM3.lib(rt_list.o)
    0x00004292   0x00004292   0x00000002   PAD
    0x00004294   0x00004294   0x00000030   Code   RO         2236    i.rt_rmv_list       RTX_CM3.lib(rt_list.o)
    0x000042c4   0x000042c4   0x00000034   Code   RO         2354    i.rt_sem_psh        RTX_CM3.lib(rt_semaphore.o)
    0x000042f8   0x000042f8   0x00000024   Code   RO         2102    i.rt_stk_check      RTX_CM3.lib(rt_system.o)
    0x0000431c   0x0000431c   0x00000028   Code   RO         1979    i.rt_switch_req     RTX_CM3.lib(rt_task.o)
    0x00004344   0x00004344   0x000000cc   Code   RO         1980    i.rt_sys_init       RTX_CM3.lib(rt_task.o)
    0x00004410   0x00004410   0x00000078   Code   RO         1981    i.rt_sys_start      RTX_CM3.lib(rt_task.o)
    0x00004488   0x00004488   0x00000040   Code   RO         2104    i.rt_systick        RTX_CM3.lib(rt_system.o)
    0x000044c8   0x000044c8   0x00000012   Code   RO         1406    i.rt_tid2ptcb       RTX_CM3.lib(rt_cmsis.o)
    0x000044da   0x000044da   0x00000002   PAD
    0x000044dc   0x000044dc   0x00000034   Code   RO         1407    i.rt_timer_insert   RTX_CM3.lib(rt_cmsis.o)
    0x00004510   0x00004510   0x0000003c   Code   RO         1408    i.rt_timer_remove   RTX_CM3.lib(rt_cmsis.o)
    0x0000454c   0x0000454c   0x00000088   Code   RO         1982    i.rt_tsk_create     RTX_CM3.lib(rt_task.o)
    0x000045d4   0x000045d4   0x0000017c   Code   RO         1983    i.rt_tsk_delete     RTX_CM3.lib(rt_task.o)
    0x00004750   0x00004750   0x0000007c   Code   RO         1985    i.rt_tsk_prio       RTX_CM3.lib(rt_task.o)
    0x000047cc   0x000047cc   0x00000010   Code   RO         1986    i.rt_tsk_self       RTX_CM3.lib(rt_task.o)
    0x000047dc   0x000047dc   0x00000024   Code   RO          623    i.spi_tran          glcd_mcb1700.o
    0x00004800   0x00004800   0x0000007c   Code   RO          624    i.spi_tran_man      glcd_mcb1700.o
    0x0000487c   0x0000487c   0x00000070   Code   RO         1410    i.svcKernelInitialize  RTX_CM3.lib(rt_cmsis.o)
    0x000048ec   0x000048ec   0x00000048   Code   RO         1412    i.svcKernelStart    RTX_CM3.lib(rt_cmsis.o)
    0x00004934   0x00004934   0x00000024   Code   RO         1415    i.svcMessageCreate  RTX_CM3.lib(rt_cmsis.o)
    0x00004958   0x00004958   0x0000003a   Code   RO         1416    i.svcMessageGet     RTX_CM3.lib(rt_cmsis.o)
    0x00004992   0x00004992   0x00000002   PAD
    0x00004994   0x00004994   0x00000070   Code   RO         1430    i.svcThreadCreate   RTX_CM3.lib(rt_cmsis.o)
    0x00004a04   0x00004a04   0x0000001c   Code   RO         1431    i.svcThreadGetId    RTX_CM3.lib(rt_cmsis.o)
    0x00004a20   0x00004a20   0x00000038   Code   RO         1434    i.svcThreadTerminate  RTX_CM3.lib(rt_cmsis.o)
    0x00004a58   0x00004a58   0x00000018   Code   RO         1436    i.svcTimerCall      RTX_CM3.lib(rt_cmsis.o)
    0x00004a70   0x00004a70   0x00000038   Code   RO         1437    i.svcTimerCreate    RTX_CM3.lib(rt_cmsis.o)
    0x00004aa8   0x00004aa8   0x00000064   Code   RO         1439    i.svcTimerStart     RTX_CM3.lib(rt_cmsis.o)
    0x00004b0c   0x00004b0c   0x0000005c   Code   RO         1445    i.sysTimerTick      RTX_CM3.lib(rt_cmsis.o)
    0x00004b68   0x00004b68   0x0000003c   Code   RO          625    i.wr_cmd            glcd_mcb1700.o
    0x00004ba4   0x00004ba4   0x00000024   Code   RO          626    i.wr_dat_only       glcd_mcb1700.o
    0x00004bc8   0x00004bc8   0x0000001c   Code   RO          627    i.wr_dat_start      glcd_mcb1700.o
    0x00004be4   0x00004be4   0x00000010   Code   RO          628    i.wr_dat_stop       glcd_mcb1700.o
    0x00004bf4   0x00004bf4   0x0000006c   Code   RO          629    i.wr_reg            glcd_mcb1700.o
    0x00004c60   0x00004c60   0x00000008   Data   RO           51    .constdata          main.o
    0x00004c68   0x00004c68   0x00001500   Data   RO          589    .constdata          glcd_fonts.o
    0x00006168   0x00006168   0x00000010   Data   RO          591    .constdata          glcd_fonts.o
    0x00006178   0x00006178   0x0000000a   Data   RO          779    .constdata          joystick_mcb1700.o
    0x00006182   0x00006182   0x00000010   Data   RO          818    .constdata          led_mcb1700.o
    0x00006192   0x00006192   0x00000002   Data   RO          870    .constdata          rtx_conf_cm.o
    0x00006194   0x00006194   0x00000004   Data   RO          871    .constdata          rtx_conf_cm.o
    0x00006198   0x00006198   0x00000004   Data   RO          872    .constdata          rtx_conf_cm.o
    0x0000619c   0x0000619c   0x00000004   Data   RO          876    .constdata          rtx_conf_cm.o
    0x000061a0   0x000061a0   0x00000001   Data   RO          877    .constdata          rtx_conf_cm.o
    0x000061a1   0x000061a1   0x00000003   PAD
    0x000061a4   0x000061a4   0x00000010   Data   RO          878    .constdata          rtx_conf_cm.o
    0x000061b4   0x000061b4   0x00000002   Data   RO          879    .constdata          rtx_conf_cm.o
    0x000061b6   0x000061b6   0x00000002   PAD
    0x000061b8   0x000061b8   0x00000004   Data   RO          880    .constdata          rtx_conf_cm.o
    0x000061bc   0x000061bc   0x00000004   Data   RO          881    .constdata          rtx_conf_cm.o
    0x000061c0   0x000061c0   0x00000001   Data   RO          882    .constdata          rtx_conf_cm.o
    0x000061c1   0x000061c1   0x00000003   PAD
    0x000061c4   0x000061c4   0x00000010   Data   RO          883    .constdata          rtx_conf_cm.o
    0x000061d4   0x000061d4   0x00000008   Data   RO          884    .constdata          rtx_conf_cm.o
    0x000061dc   0x000061dc   0x00000002   Data   RO          885    .constdata          rtx_conf_cm.o
    0x000061de   0x000061de   0x00000002   PAD
    0x000061e0   0x000061e0   0x00000050   Data   RO          971    .constdata          ssp_lpc17xx.o
    0x00006230   0x00006230   0x0000002c   Data   RO          972    .constdata          ssp_lpc17xx.o
    0x0000625c   0x0000625c   0x00000011   Data   RO         2592    .constdata          c_w.l(__printf_flags_wp.o)
    0x0000626d   0x0000626d   0x00000003   PAD
    0x00006270   0x00006270   0x00000086   Data   RO           52    .conststring        main.o
    0x000062f6   0x000062f6   0x00000002   PAD
    0x000062f8   0x000062f8   0x00000020   Data   RO         2775    Region$$Table       anon$$obj.o


    Execution Region RW_IRAM1 (Exec base: 0x10000000, Load base: 0x00006318, Size: 0x00001318, Max: 0x00008000, ABSOLUTE, COMPRESSED[0x00000058])

    Exec Addr    Load Addr    Size         Type   Attr      Idx    E Section Name        Object

    0x10000000   COMPRESSED   0x000000c8   Data   RW           53    .data               main.o
    0x100000c8   COMPRESSED   0x00000004   Data   RW          477    .data               adc_mcb1700.o
    0x100000cc   COMPRESSED   0x00000014   Data   RW          630    .data               glcd_mcb1700.o
    0x100000e0   COMPRESSED   0x00000004   Data   RW          887    .data               rtx_conf_cm.o
    0x100000e4   COMPRESSED   0x00000010   Data   RW          888    .data               rtx_conf_cm.o
    0x100000f4   COMPRESSED   0x00000004   Data   RW          889    .data               rtx_conf_cm.o
    0x100000f8   COMPRESSED   0x00000004   Data   RW          890    .data               rtx_conf_cm.o
    0x100000fc   COMPRESSED   0x00000002   Data   RW          973    .data               ssp_lpc17xx.o
    0x100000fe   COMPRESSED   0x00000002   Data   RW          974    .data               ssp_lpc17xx.o
    0x10000100   COMPRESSED   0x00000002   Data   RW          975    .data               ssp_lpc17xx.o
    0x10000102   COMPRESSED   0x00000002   Data   RW          976    .data               ssp_lpc17xx.o
    0x10000104   COMPRESSED   0x00000008   Data   RW          977    .data               ssp_lpc17xx.o
    0x1000010c   COMPRESSED   0x00000008   Data   RW         1141    .data               gpdma_lpc17xx.o
    0x10000114   COMPRESSED   0x00000004   Data   RW         1320    .data               system_lpc17xx.o
    0x10000118   COMPRESSED   0x00000008   Data   RW         1448    .data               RTX_CM3.lib(rt_cmsis.o)
    0x10000120   COMPRESSED   0x00000008   Data   RW         1988    .data               RTX_CM3.lib(rt_task.o)
    0x10000128   COMPRESSED   0x00000008   Data   RW         2107    .data               RTX_CM3.lib(rt_system.o)
    0x10000130   COMPRESSED   0x00000004   Data   RW         2397    .data               RTX_CM3.lib(rt_time.o)
    0x10000134   COMPRESSED   0x00000008   Data   RW         2428    .data               RTX_CM3.lib(rt_robin.o)
    0x1000013c   COMPRESSED   0x00000001   Data   RW         2507    .data               RTX_CM3.lib(hal_cm.o)
    0x1000013d   COMPRESSED   0x00000003   PAD
    0x10000140        -       0x00000010   Zero   RW           49    .bss                main.o
    0x10000150        -       0x00000018   Zero   RW           50    .bss                main.o
    0x10000168        -       0x00000020   Zero   RW          863    .bss                rtx_conf_cm.o
    0x10000188        -       0x00000178   Zero   RW          864    .bss                rtx_conf_cm.o
    0x10000300        -       0x00000970   Zero   RW          865    .bss                rtx_conf_cm.o
    0x10000c70        -       0x00000278   Zero   RW          866    .bss                rtx_conf_cm.o
    0x10000ee8        -       0x00000084   Zero   RW          867    .bss                rtx_conf_cm.o
    0x10000f6c        -       0x0000001c   Zero   RW          868    .bss                rtx_conf_cm.o
    0x10000f88        -       0x0000000c   Zero   RW          969    .bss                ssp_lpc17xx.o
    0x10000f94        -       0x0000001c   Zero   RW          970    .bss                ssp_lpc17xx.o
    0x10000fb0        -       0x000000a0   Zero   RW         1140    .bss                gpdma_lpc17xx.o
    0x10001050        -       0x00000034   Zero   RW         1987    .bss                RTX_CM3.lib(rt_task.o)
    0x10001084        -       0x00000030   Zero   RW         2237    .bss                RTX_CM3.lib(rt_list.o)
    0x100010b4        -       0x00000060   Zero   RW         2565    .bss                c_w.l(libspace.o)
    0x10001114   COMPRESSED   0x00000004   PAD
    0x10001118        -       0x00000000   Zero   RW         1306    HEAP                startup_lpc17xx.o
    0x10001118        -       0x00000200   Zero   RW         1305    STACK               startup_lpc17xx.o


==============================================================================

Image component sizes


      Code (inc. data)   RO Data    RW Data    ZI Data      Debug   Object Name

       256         48          0          0          0       3476   action.o
        96         20          0          4          0      26987   adc_mcb1700.o
         0          0       5392          0          0        816   glcd_fonts.o
      2658        106          0         20          0      15879   glcd_mcb1700.o
       850         78          0          8        160       8682   gpdma_lpc17xx.o
       108         18          0          0          0       2414   gpio_lpc17xx.o
        32          0          0          0          0       1026   increase_decrease.o
        64          6         10          0          0       1601   joystick_mcb1700.o
        76          6         16          0          0       1620   led_mcb1700.o
        64         14          0          0          0       1391   light_on_off.o
      4776       1346        142        200         40      56504   main.o
       104          4          0          0          0        904   pin_lpc17xx.o
        92         26         68         28       3616       9167   rtx_conf_cm.o
      3028        102        124         16         40      51057   ssp_lpc17xx.o
        64         26        204          0        512       1028   startup_lpc17xx.o
       208         12          0          4          0        863   system_lpc17xx.o

    ----------------------------------------------------------------------
     12484       1812       6000        280       4368     183415   Object Totals
         0          0         32          0          0          0   (incl. Generated)
         8          0         12          0          0          0   (incl. Padding)

    ----------------------------------------------------------------------

      Code (inc. data)   RO Data    RW Data    ZI Data      Debug   Library Member Name

       238         24          0          1          0       3256   hal_cm.o
       304         36          0          0          0        760   hal_cm3.o
      1410        166          0          8          0      34693   rt_cmsis.o
        80          4          0          0          0        653   rt_event.o
       530         34          0          0         48       8165   rt_list.o
       550         10          0          0          0       3897   rt_mailbox.o
       140          0          0          0          0       1901   rt_membox.o
       128          0          0          0          0       2275   rt_memory.o
       320         12          0          0          0       1603   rt_mutex.o
        96         22          0          8          0       1134   rt_robin.o
        52          4          0          0          0        565   rt_semaphore.o
       298         52          0          8          0       6151   rt_system.o
      1216        174          0          8         52       9545   rt_task.o
         0          0          0          4          0        206   rt_time.o
         4          4          0          0          0        200   svc_table.o
        90          0          0          0          0          0   __dczerorl2.o
         8          0          0          0          0         68   __main.o
       312          4         17          0          0         92   __printf_flags_wp.o
        14          0          0          0          0         68   __printf_wp.o
         0          0          0          0          0          0   __rtentry.o
        20          0          0          0          0          0   __rtentry2.o
         6          0          0          0          0          0   __rtentry4.o
        52          8          0          0          0          0   __scatter.o
        28          0          0          0          0          0   __scatter_zi.o
        48          6          0          0          0         96   _printf_char_common.o
         6          0          0          0          0          0   _printf_d.o
       120         16          0          0          0         92   _printf_dec.o
       178          0          0          0          0         88   _printf_intcommon.o
        78          0          0          0          0        108   _printf_pad.o
         0          0          0          0          0          0   _printf_percent.o
         4          0          0          0          0          0   _printf_percent_end.o
        10          0          0          0          0         68   _sputc.o
        18          0          0          0          0         80   exit.o
         6          0          0          0          0        152   heapauxi.o
         0          0          0          0          0          0   indicate_semi.o
         2          0          0          0          0          0   libinit.o
         2          0          0          0          0          0   libinit2.o
         2          0          0          0          0          0   libshutdown.o
         2          0          0          0          0          0   libshutdown2.o
         8          4          0          0         96         68   libspace.o
       238          0          0          0          0        100   lludivv7m.o
        40          6          0          0          0         84   noretval__2sprintf.o
        78          0          0          0          0         80   rt_memclr_w.o
         2          0          0          0          0          0   rtexit.o
        10          0          0          0          0          0   rtexit2.o
        12          4          0          0          0         68   sys_exit.o
        74          0          0          0          0         80   sys_stackheap_outer.o
         2          0          0          0          0         68   use_no_semi.o

    ----------------------------------------------------------------------
      6864        590         20         40        200      76464   Library Totals
        28          0          3          3          4          0   (incl. Padding)

    ----------------------------------------------------------------------

      Code (inc. data)   RO Data    RW Data    ZI Data      Debug   Library Name

      5366        542          0         37        100      75004   RTX_CM3.lib
      1470         48         17          0         96       1460   c_w.l

    ----------------------------------------------------------------------
      6864        590         20         40        200      76464   Library Totals

    ----------------------------------------------------------------------

==============================================================================


      Code (inc. data)   RO Data    RW Data    ZI Data      Debug   

     19348       2402       6020        320       4568     248955   Grand Totals
     19348       2402       6020         88       4568     248955   ELF Image Totals (compressed)
     19348       2402       6020         88          0          0   ROM Totals

==============================================================================

    Total RO  Size (Code + RO Data)                25368 (  24.77kB)
    Total RW  Size (RW Data + ZI Data)              4888 (   4.77kB)
    Total ROM Size (Code + RO Data + RW Data)      25456 (  24.86kB)

==============================================================================

